Component: ARM Compiler 5.06 update 4 (build 422) Tool: armlink [4d35d2]

==============================================================================

Section Cross References

    main.o(i.advertising_init) refers to memseta.o(.text) for __aeabi_memclr4
    main.o(i.advertising_init) refers to ble_advertising.o(i.ble_advertising_init) for ble_advertising_init
    main.o(i.advertising_init) refers to printf1.o(i.__0printf$1) for __2printf
    main.o(i.advertising_init) refers to app_error.o(i.app_error_handler_bare) for app_error_handler_bare
    main.o(i.advertising_init) refers to ble_advertising.o(i.ble_advertising_conn_cfg_tag_set) for ble_advertising_conn_cfg_tag_set
    main.o(i.advertising_init) refers to main.o(.data) for .data
    main.o(i.advertising_init) refers to main.o(i.on_adv_evt) for on_adv_evt
    main.o(i.advertising_init) refers to main.o(.bss) for .bss
    main.o(i.advertising_start) refers to nrf_log_frontend.o(i.nrf_log_frontend_std_0) for nrf_log_frontend_std_0
    main.o(i.advertising_start) refers to peer_manager.o(i.pm_peers_delete) for pm_peers_delete
    main.o(i.advertising_start) refers to ble_advertising.o(i.ble_advertising_start) for ble_advertising_start
    main.o(i.advertising_start) refers to app_error.o(i.app_error_handler_bare) for app_error_handler_bare
    main.o(i.advertising_start) refers to nrf_log_frontend.o(log_const_data) for m_nrf_log_app_logs_data_const
    main.o(i.advertising_start) refers to main.o(.bss) for .bss
    main.o(i.assert_nrf_callback) refers to app_error_handler_keil.o(.emb_text) for app_error_handler
    main.o(i.ble_evt_handler) refers to app_error.o(i.app_error_handler_bare) for app_error_handler_bare
    main.o(i.ble_evt_handler) refers to nrf_log_frontend.o(i.nrf_log_frontend_std_2) for nrf_log_frontend_std_2
    main.o(i.ble_evt_handler) refers to nrf_log_frontend.o(i.nrf_log_frontend_std_0) for nrf_log_frontend_std_0
    main.o(i.ble_evt_handler) refers to bsp.o(i.bsp_indication_set) for bsp_indication_set
    main.o(i.ble_evt_handler) refers to nrf_ble_qwr.o(i.nrf_ble_qwr_conn_handle_assign) for nrf_ble_qwr_conn_handle_assign
    main.o(i.ble_evt_handler) refers to nrf_log_frontend.o(log_const_data) for m_nrf_log_app_logs_data_const
    main.o(i.ble_evt_handler) refers to main.o(.data) for .data
    main.o(i.ble_evt_handler) refers to main.o(.bss) for .bss
    main.o(i.bsp_event_handler) refers to main.o(i.sleep_mode_enter) for sleep_mode_enter
    main.o(i.bsp_event_handler) refers to app_error.o(i.app_error_handler_bare) for app_error_handler_bare
    main.o(i.bsp_event_handler) refers to ble_advertising.o(i.ble_advertising_restart_without_whitelist) for ble_advertising_restart_without_whitelist
    main.o(i.bsp_event_handler) refers to main.o(.data) for .data
    main.o(i.bsp_event_handler) refers to main.o(.bss) for .bss
    main.o(i.conn_params_error_handler) refers to app_error.o(i.app_error_handler_bare) for app_error_handler_bare
    main.o(i.gap_params_init) refers to app_error.o(i.app_error_handler_bare) for app_error_handler_bare
    main.o(i.main) refers to nrf_log_frontend.o(i.nrf_log_init) for nrf_log_init
    main.o(i.main) refers to app_error.o(i.app_error_handler_bare) for app_error_handler_bare
    main.o(i.main) refers to nrf_log_default_backends.o(i.nrf_log_default_backends_init) for nrf_log_default_backends_init
    main.o(i.main) refers to app_timer.o(i.app_timer_init) for app_timer_init
    main.o(i.main) refers to bsp.o(i.bsp_init) for bsp_init
    main.o(i.main) refers to bsp_btn_ble.o(i.bsp_btn_ble_init) for bsp_btn_ble_init
    main.o(i.main) refers to nrf_pwr_mgmt.o(i.nrf_pwr_mgmt_init) for nrf_pwr_mgmt_init
    main.o(i.main) refers to nrf_sdh.o(i.nrf_sdh_enable_request) for nrf_sdh_enable_request
    main.o(i.main) refers to nrf_sdh_ble.o(i.nrf_sdh_ble_default_cfg_set) for nrf_sdh_ble_default_cfg_set
    main.o(i.main) refers to nrf_sdh_ble.o(i.nrf_sdh_ble_enable) for nrf_sdh_ble_enable
    main.o(i.main) refers to main.o(i.gap_params_init) for gap_params_init
    main.o(i.main) refers to nrf_ble_gatt.o(i.nrf_ble_gatt_init) for nrf_ble_gatt_init
    main.o(i.main) refers to main.o(i.advertising_init) for advertising_init
    main.o(i.main) refers to nrf_ble_qwr.o(i.nrf_ble_qwr_init) for nrf_ble_qwr_init
    main.o(i.main) refers to our_service.o(i.our_service_init) for our_service_init
    main.o(i.main) refers to memseta.o(.text) for __aeabi_memclr4
    main.o(i.main) refers to ble_conn_params.o(i.ble_conn_params_init) for ble_conn_params_init
    main.o(i.main) refers to main.o(i.peer_manager_init) for peer_manager_init
    main.o(i.main) refers to nrf_log_frontend.o(i.nrf_log_frontend_std_0) for nrf_log_frontend_std_0
    main.o(i.main) refers to main.o(i.advertising_start) for advertising_start
    main.o(i.main) refers to nrf_log_frontend.o(i.nrf_log_frontend_dequeue) for nrf_log_frontend_dequeue
    main.o(i.main) refers to nrf_pwr_mgmt.o(i.nrf_pwr_mgmt_run) for nrf_pwr_mgmt_run
[...]
    __asm___12_nrf_atomic_c_85ca2469__nrf_atomic_internal_cmp_exch 0x00026377   Thumb Code    42  nrf_atomic.o(.emb_text)
    __asm___12_nrf_atomic_c_85ca2469__nrf_atomic_internal_sub_hs 0x000263a1   Thumb Code    30  nrf_atomic.o(.emb_text)
    nrf_atomic_flag_clear_fetch              0x0002ac61   Thumb Code     6  nrf_atomic.o(i.nrf_atomic_flag_clear_fetch)
    nrf_atomic_flag_set                      0x0002ac67   Thumb Code     6  nrf_atomic.o(i.nrf_atomic_flag_set)
    nrf_balloc_alloc                         0x0002accb   Thumb Code    68  nrf_balloc.o(i.nrf_balloc_alloc)
    nrf_balloc_free                          0x0002ad0f   Thumb Code    48  nrf_balloc.o(i.nrf_balloc_free)
    nrf_balloc_init                          0x0002ad3f   Thumb Code    48  nrf_balloc.o(i.nrf_balloc_init)
    nrf_fprintf                              0x0002b0e5   Thumb Code    26  nrf_fprintf.o(i.nrf_fprintf)
    nrf_fprintf_buffer_flush                 0x0002b0ff   Thumb Code    24  nrf_fprintf.o(i.nrf_fprintf_buffer_flush)
    nrf_fprintf_fmt                          0x0002b117   Thumb Code   474  nrf_fprintf_format.o(i.nrf_fprintf_fmt)
    m_nrf_log_nrf_fstorage_logs_data_const   0x0003225c   Data           8  nrf_fstorage.o(log_const_data)
    fs_data$$Base                            0x20002424   Number         0  fds.o(fs_data)
    fs_data$$Limit                           0x20002438   Number         0  fds.o(fs_data)
    nrf_fstorage_sdh_req_handler             0x0002b4bd   Thumb Code    18  nrf_fstorage_sd.o(i.nrf_fstorage_sdh_req_handler)
    nrf_fstorage_sdh_state_handler           0x0002b4d5   Thumb Code    28  nrf_fstorage_sd.o(i.nrf_fstorage_sdh_state_handler)
    nrf_fstorage_sys_evt_handler             0x0002b4f5   Thumb Code   154  nrf_fstorage_sd.o(i.nrf_fstorage_sys_evt_handler)
    m_req_obs                                0x000322e0   Data           8  nrf_fstorage_sd.o(sdh_req_observers0)
    nrf_sdh_request_continue                 0x0002c46d   Thumb Code    22  nrf_sdh.o(i.nrf_sdh_request_continue)
    nrf_memobj_alloc                         0x0002bf6b   Thumb Code    96  nrf_memobj.o(i.nrf_memobj_alloc)
    nrf_memobj_free                          0x0002bfcb   Thumb Code    50  nrf_memobj.o(i.nrf_memobj_free)
    nrf_memobj_get                           0x0002bffd   Thumb Code     8  nrf_memobj.o(i.nrf_memobj_get)
    nrf_memobj_pool_init                     0x0002c005   Thumb Code     4  nrf_memobj.o(i.nrf_memobj_pool_init)
    nrf_memobj_put                           0x0002c009   Thumb Code    30  nrf_memobj.o(i.nrf_memobj_put)
    nrf_memobj_read                          0x0002c027   Thumb Code    16  nrf_memobj.o(i.nrf_memobj_read)
    nrf_memobj_write                         0x0002c037   Thumb Code    16  nrf_memobj.o(i.nrf_memobj_write)
    m_nrf_log_pwr_mgmt_logs_data_const       0x00032264   Data           8  nrf_pwr_mgmt.o(log_const_data)
    nrf_section_iter_init                    0x0002c4c5   Thumb Code    10  nrf_section_iter.o(i.nrf_section_iter_init)
    nrf_section_iter_next                    0x0002c4f3   Thumb Code    32  nrf_section_iter.o(i.nrf_section_iter_next)
    pwr_mgmt_data0$$Base                      - Undefined Reference
    pwr_mgmt_data0$$Limit                     - Undefined Reference
    pwr_mgmt_data1$$Base                      - Undefined Reference
    pwr_mgmt_data1$$Limit                     - Undefined Reference
    pwr_mgmt_data2$$Base                      - Undefined Reference
    pwr_mgmt_data2$$Limit                     - Undefined Reference
    nrf_ringbuf_init                         0x0002c0b9   Thumb Code    28  nrf_ringbuf.o(i.nrf_ringbuf_init)
    nrf_strerror_find                        0x0002c515   Thumb Code    52  nrf_strerror.o(i.nrf_strerror_find)
    nrf_log_backend_rtt_api                  0x00030af0   Data          12  nrf_log_backend_rtt.o(.constdata)
    nrf_log_backend_rtt_init                 0x0002b957   Thumb Code     4  nrf_log_backend_rtt.o(i.nrf_log_backend_rtt_init)
    SEGGER_RTT_Init                          0x000267a5   Thumb Code     4  segger_rtt.o(i.SEGGER_RTT_Init)
    SEGGER_RTT_WriteNoLock                   0x000267a9   Thumb Code    86  segger_rtt.o(i.SEGGER_RTT_WriteNoLock)
    nrf_log_backend_serial_put               0x0002b975   Thumb Code   200  nrf_log_backend_serial.o(i.nrf_log_backend_serial_put)
    nrf_log_hexdump_entry_process            0x0002bd6d   Thumb Code   150  nrf_log_str_formatter.o(i.nrf_log_hexdump_entry_process)
    nrf_log_std_entry_process                0x0002beb5   Thumb Code   182  nrf_log_str_formatter.o(i.nrf_log_std_entry_process)
    nrf_log_backend_uart_api                 0x00030b08   Data          12  nrf_log_backend_uart.o(.constdata)
    m_uart                                   0x200023a4   Data          20  nrf_log_backend_uart.o(.data)
    nrf_log_backend_uart_init                0x0002ba3f   Thumb Code     6  nrf_log_backend_uart.o(i.nrf_log_backend_uart_init)
    nrf_log_backend_add                      0x0002b8f9   Thumb Code    86  nrf_log_frontend.o(i.nrf_log_backend_add)
    buffer_is_empty                          0x000287c9   Thumb Code    16  nrf_log_frontend.o(i.buffer_is_empty)
    nrf_log_color_id_get                     0x0002ba89   Thumb Code    42  nrf_log_frontend.o(i.nrf_log_color_id_get)
    nrf_log_module_cnt_get                   0x0002be59   Thumb Code    10  nrf_log_frontend.o(i.nrf_log_module_cnt_get)
    nrf_log_module_name_get                  0x0002be6d   Thumb Code    24  nrf_log_frontend.o(i.nrf_log_module_name_get)
    log_mempool                              0x0003228c   Data          20  nrf_log_frontend.o(nrf_balloc)
    log_const_data$$Limit                    0x0003228c   Number         0  nrf_sdh_soc.o(log_const_data)
    log_dynamic_data$$Base                    - Undefined Reference
    _SEGGER_RTT                              0x20003474   Data         120  segger_rtt.o(.bss)
    SWI2_EGU2_IRQHandler                     0x00026809   Thumb Code     4  nrf_sdh.o(i.SWI2_EGU2_IRQHandler)
    nrf_sdh_disable_request                  0x0002c375   Thumb Code    80  nrf_sdh.o(i.nrf_sdh_disable_request)
    nrf_sdh_evts_poll                        0x0002c43d   Thumb Code    32  nrf_sdh.o(i.nrf_sdh_evts_poll)
    m_nrf_log_nrf_sdh_logs_data_const        0x00032274   Data           8  nrf_sdh.o(log_const_data)
    sdh_req_observers0$$Base                 0x000322e0   Number         0  nrf_fstorage_sd.o(sdh_req_observers0)
    sdh_req_observers0$$Limit                0x000322e8   Number         0  nrf_fstorage_sd.o(sdh_req_observers0)
    sdh_req_observers1$$Base                  - Undefined Reference
    sdh_req_observers1$$Limit                 - Undefined Reference
    sdh_stack_observers0$$Base               0x00032300   Number         0  nrf_sdh_ble.o(sdh_stack_observers0)
    sdh_stack_observers0$$Limit              0x00032310   Number         0  nrf_sdh_soc.o(sdh_stack_observers0)
    sdh_stack_observers1$$Base                - Undefined Reference
    sdh_stack_observers1$$Limit               - Undefined Reference
    sdh_state_observers0$$Base               0x00032310   Number         0  nrf_drv_clock.o(sdh_state_observers0)
    sdh_state_observers0$$Limit              0x00032320   Number         0  nrf_fstorage_sd.o(sdh_state_observers0)
    sdh_state_observers1$$Base                - Undefined Reference
    sdh_state_observers1$$Limit               - Undefined Reference
    m_ram_start                              0x00030bb8   Data           4  nrf_sdh_ble.o(.constdata)
    nrf_sdh_ble_app_ram_start_get            0x0002c0d5   Thumb Code    16  nrf_sdh_ble.o(i.nrf_sdh_ble_app_ram_start_get)
    m_nrf_log_nrf_sdh_ble_logs_data_const    0x0003227c   Data           8  nrf_sdh_ble.o(log_const_data)
    Image$$RW_IRAM1$$Base                    0x20002220   Number         0  anon$$obj.o ABSOLUTE
    sdh_ble_observers0$$Base                 0x000322a0   Number         0  ble_conn_state.o(sdh_ble_observers0)
    sdh_ble_observers0$$Limit                0x000322a8   Number         0  ble_conn_state.o(sdh_ble_observers0)
    sdh_ble_observers1$$Base                 0x000322a8   Number         0  main.o(sdh_ble_observers1)
    sdh_ble_observers1$$Limit                0x000322d0   Number         0  peer_manager.o(sdh_ble_observers1)
    sdh_ble_observers2$$Base                 0x000322d0   Number         0  main.o(sdh_ble_observers2)
    sdh_ble_observers2$$Limit                0x000322d8   Number         0  main.o(sdh_ble_observers2)
    sdh_ble_observers3$$Base                 0x000322d8   Number         0  main.o(sdh_ble_observers3)
    sdh_ble_observers3$$Limit                0x000322e0   Number         0  main.o(sdh_ble_observers3)
    m_nrf_log_nrf_sdh_soc_logs_data_const    0x00032284   Data           8  nrf_sdh_soc.o(log_const_data)
    sdh_soc_observers0$$Base                 0x000322e8   Number         0  nrf_drv_clock.o(sdh_soc_observers0)
    sdh_soc_observers0$$Limit                0x000322f8   Number         0  nrf_fstorage_sd.o(sdh_soc_observers0)
    sdh_soc_observers1$$Base                 0x000322f8   Number         0  main.o(sdh_soc_observers1)
    sdh_soc_observers1$$Limit                0x00032300   Number         0  main.o(sdh_soc_observers1)
    __Vectors_Size                           0x00000200   Number         0  arm_startup_nrf52.o ABSOLUTE
    __Vectors                                0x00026000   Data           4  arm_startup_nrf52.o(RESET)
    __Vectors_End                            0x00026200   Data           0  arm_startup_nrf52.o(RESET)
    __initial_sp                             0x20005700   Data           0  arm_startup_nrf52.o(STACK)
    SystemInit                               0x0002680d   Thumb Code   726  system_nrf52.o(i.SystemInit)
    Reset_Handler                            0x000263c1   Thumb Code     8  arm_startup_nrf52.o(.text)
    NMI_Handler                              0x000263c9   Thumb Code     2  arm_startup_nrf52.o(.text)
    HardFault_Handler                        0x000263cb   Thumb Code     2  arm_startup_nrf52.o(.text)
    MemoryManagement_Handler                 0x000263cd   Thumb Code     2  arm_startup_nrf52.o(.text)
    BusFault_Handler                         0x000263cf   Thumb Code     2  arm_startup_nrf52.o(.text)
    UsageFault_Handler                       0x000263d1   Thumb Code     2  arm_startup_nrf52.o(.text)
    SVC_Handler                              0x000263d3   Thumb Code     2  arm_startup_nrf52.o(.text)
    DebugMon_Handler                         0x000263d5   Thumb Code     2  arm_startup_nrf52.o(.text)
    PendSV_Handler                           0x000263d7   Thumb Code     2  arm_startup_nrf52.o(.text)
    SysTick_Handler                          0x000263d9   Thumb Code     2  arm_startup_nrf52.o(.text)
    CCM_AAR_IRQHandler                       0x000263db   Thumb Code     0  arm_startup_nrf52.o(.text)
    COMP_LPCOMP_IRQHandler                   0x000263db   Thumb Code     0  arm_startup_nrf52.o(.text)
    ECB_IRQHandler                           0x000263db   Thumb Code     0  arm_startup_nrf52.o(.text)
    FPU_IRQHandler                           0x000263db   Thumb Code     0  arm_startup_nrf52.o(.text)
    I2S_IRQHandler                           0x000263db   Thumb Code     0  arm_startup_nrf52.o(.text)
    MWU_IRQHandler                           0x000263db   Thumb Code     0  arm_startup_nrf52.o(.text)
    NFCT_IRQHandler                          0x000263db   Thumb Code     0  arm_startup_nrf52.o(.text)
    PDM_IRQHandler                           0x000263db   Thumb Code     0  arm_startup_nrf52.o(.text)
    PWM0_IRQHandler                          0x000263db   Thumb Code     0  arm_startup_nrf52.o(.text)
    PWM1_IRQHandler                          0x000263db   Thumb Code     0  arm_startup_nrf52.o(.text)
    PWM2_IRQHandler                          0x000263db   Thumb Code     0  arm_startup_nrf52.o(.text)
    QDEC_IRQHandler                          0x000263db   Thumb Code     0  arm_startup_nrf52.o(.text)
    RADIO_IRQHandler                         0x000263db   Thumb Code     0  arm_startup_nrf52.o(.text)
    RNG_IRQHandler                           0x000263db   Thumb Code     0  arm_startup_nrf52.o(.text)
    RTC0_IRQHandler                          0x000263db   Thumb Code     0  arm_startup_nrf52.o(.text)
    RTC2_IRQHandler                          0x000263db   Thumb Code     0  arm_startup_nrf52.o(.text)
    SAADC_IRQHandler                         0x000263db   Thumb Code     0  arm_startup_nrf52.o(.text)
    SPIM0_SPIS0_TWIM0_TWIS0_SPI0_TWI0_IRQHandler 0x000263db   Thumb Code     0  arm_startup_nrf52.o(.text)
    SPIM1_SPIS1_TWIM1_TWIS1_SPI1_TWI1_IRQHandler 0x000263db   Thumb Code     0  arm_startup_nrf52.o(.text)
    SPIM2_SPIS2_SPI2_IRQHandler              0x000263db   Thumb Code     0  arm_startup_nrf52.o(.text)
    SWI1_EGU1_IRQHandler                     0x000263db   Thumb Code     0  arm_startup_nrf52.o(.text)
    SWI3_EGU3_IRQHandler                     0x000263db   Thumb Code     0  arm_startup_nrf52.o(.text)
    SWI4_EGU4_IRQHandler                     0x000263db   Thumb Code     0  arm_startup_nrf52.o(.text)
    SWI5_EGU5_IRQHandler                     0x000263db   Thumb Code     0  arm_startup_nrf52.o(.text)
    TEMP_IRQHandler                          0x000263db   Thumb Code     0  arm_startup_nrf52.o(.text)
    TIMER0_IRQHandler                        0x000263db   Thumb Code     0  arm_startup_nrf52.o(.text)
    TIMER1_IRQHandler                        0x000263db   Thumb Code     0  arm_startup_nrf52.o(.text)
    TIMER2_IRQHandler                        0x000263db   Thumb Code     0  arm_startup_nrf52.o(.text)
    TIMER3_IRQHandler                        0x000263db   Thumb Code     0  arm_startup_nrf52.o(.text)
    TIMER4_IRQHandler                        0x000263db   Thumb Code     0  arm_startup_nrf52.o(.text)
    WDT_IRQHandler                           0x000263db   Thumb Code     0  arm_startup_nrf52.o(.text)
    SystemCoreClock                          0x2000241c   Data           4  system_nrf52.o(.data)
    __main                                   0x00026201   Thumb Code     0  entry.o(.ARM.Collect$$$$00000000)
    fputc                                    0x0002943d   Thumb Code    18  fputc.o(i.fputc)
    __stdout                                 0x20002420   Data           4  stdout.o(.data)
    __aeabi_uldivmod                         0x000263e5   Thumb Code    98  uldiv.o(.text)
    __aeabi_llsl                             0x00026447   Thumb Code    30  llshl.o(.text)
    _ll_shift_l                              0x00026447   Thumb Code     0  llshl.o(.text)
    __ctype_table                            0x00030be4   Data         129  ctype_o.o(.constdata)
    __rt_ctype_table                         0x00026465   Thumb Code     4  ctype_o.o(.text)
    __aeabi_memcpy                           0x0002646d   Thumb Code    36  memcpya.o(.text)
    __aeabi_memcpy4                          0x0002646d   Thumb Code     0  memcpya.o(.text)
    __aeabi_memcpy8                          0x0002646d   Thumb Code     0  memcpya.o(.text)
    __aeabi_memset                           0x00026491   Thumb Code    14  memseta.o(.text)
    __aeabi_memset4                          0x00026491   Thumb Code     0  memseta.o(.text)
    __aeabi_memset8                          0x00026491   Thumb Code     0  memseta.o(.text)
    __aeabi_memclr                           0x0002649f   Thumb Code     4  memseta.o(.text)
    __aeabi_memclr4                          0x0002649f   Thumb Code     0  memseta.o(.text)
    __aeabi_memclr8                          0x0002649f   Thumb Code     0  memseta.o(.text)
    _memset$wrapper                          0x000264a3   Thumb Code    18  memseta.o(.text)
    strlen                                   0x000264b5   Thumb Code    14  strlen.o(.text)
    memcmp                                   0x000264c3   Thumb Code    26  memcmp.o(.text)
    strcpy                                   0x000264dd   Thumb Code    18  strcpy.o(.text)
    __0printf$1                              0x00026c51   Thumb Code    22  printf1.o(i.__0printf$1)
    __1printf$1                              0x00026c51   Thumb Code     0  printf1.o(i.__0printf$1)
    __2printf                                0x00026c51   Thumb Code     0  printf1.o(i.__0printf$1)
    _printf_a                                0x00000000   Number         0  stubs.o ABSOLUTE
    _printf_c                                0x00000000   Number         0  stubs.o ABSOLUTE
    _printf_charcount                        0x00000000   Number         0  stubs.o ABSOLUTE
    _printf_d                                0x00000000   Number         0  stubs.o ABSOLUTE
    _printf_e                                0x00000000   Number         0  stubs.o ABSOLUTE
    _printf_f                                0x00000000   Number         0  stubs.o ABSOLUTE
    _printf_flags                            0x00000000   Number         0  stubs.o ABSOLUTE
    _printf_fp_dec                           0x00000000   Number         0  stubs.o ABSOLUTE
    _printf_fp_hex                           0x00000000   Number         0  stubs.o ABSOLUTE
    _printf_g                                0x00000000   Number         0  stubs.o ABSOLUTE
    _printf_i                                0x00000000   Number         0  stubs.o ABSOLUTE
    _printf_int_dec                          0x00000000   Number         0  stubs.o ABSOLUTE
    _printf_l                                0x00000000   Number         0  stubs.o ABSOLUTE
    _printf_lc                               0x00000000   Number         0  stubs.o ABSOLUTE
    _printf_ll                               0x00000000   Number         0  stubs.o ABSOLUTE
    _printf_lld                              0x00000000   Number         0  stubs.o ABSOLUTE
    _printf_lli                              0x00000000   Number         0  stubs.o ABSOLUTE
    _printf_llo                              0x00000000   Number         0  stubs.o ABSOLUTE
    _printf_llu                              0x00000000   Number         0  stubs.o ABSOLUTE
    _printf_llx                              0x00000000   Number         0  stubs.o ABSOLUTE
    _printf_longlong_dec                     0x00000000   Number         0  stubs.o ABSOLUTE
    _printf_longlong_hex                     0x00000000   Number         0  stubs.o ABSOLUTE
    _printf_longlong_oct                     0x00000000   Number         0  stubs.o ABSOLUTE
    _printf_ls                               0x00000000   Number         0  stubs.o ABSOLUTE
    _printf_mbtowc                           0x00000000   Number         0  stubs.o ABSOLUTE
    _printf_n                                0x00000000   Number         0  stubs.o ABSOLUTE
    _printf_o                                0x00000000   Number         0  stubs.o ABSOLUTE
    _printf_p                                0x00000000   Number         0  stubs.o ABSOLUTE
    _printf_percent                          0x00000000   Number         0  stubs.o ABSOLUTE
    _printf_pre_padding                      0x00000000   Number         0  stubs.o ABSOLUTE
    _printf_return_value                     0x00000000   Number         0  stubs.o ABSOLUTE
    _printf_s                                0x00000000   Number         0  stubs.o ABSOLUTE
    _printf_sizespec                         0x00000000   Number         0  stubs.o ABSOLUTE
    _printf_str                              0x00000000   Number         0  stubs.o ABSOLUTE
    _printf_truncate_signed                  0x00000000   Number         0  stubs.o ABSOLUTE
    _printf_truncate_unsigned                0x00000000   Number         0  stubs.o ABSOLUTE
    _printf_u                                0x00000000   Number         0  stubs.o ABSOLUTE
    _printf_wc                               0x00000000   Number         0  stubs.o ABSOLUTE
    _printf_wctomb                           0x00000000   Number         0  stubs.o ABSOLUTE
    _printf_widthprec                        0x00000000   Number         0  stubs.o ABSOLUTE
    _printf_x                                0x00000000   Number         0  stubs.o ABSOLUTE
    __use_no_errno                           0x00000000   Number         0  useno.o ABSOLUTE
    __use_no_exception_handling              0x00000000   Number         0  useno.o ABSOLUTE
    __use_no_fp                              0x00000000   Number         0  useno.o ABSOLUTE
    __use_no_heap                            0x00000000   Number         0  useno.o ABSOLUTE
    __use_no_heap_region                     0x00000000   Number         0  useno.o ABSOLUTE
    __use_no_semihosting                     0x00000000   Number         0  useno.o ABSOLUTE
    __use_no_semihosting_swi                 0x00000000   Number         0  useno.o ABSOLUTE
    __use_no_signal_handling                 0x00000000   Number         0  useno.o ABSOLUTE
    _main_stk                                0x00026201   Thumb Code     0  entry2.o(.ARM.Collect$$$$00000001)
    _main_scatterload                        0x00026205   Thumb Code     0  entry5.o(.ARM.Collect$$$$00000004)
    __main_after_scatterload                 0x00026209   Thumb Code     0  entry5.o(.ARM.Collect$$$$00000004)
    _clock_init                               - Undefined Weak Reference
    _main_clock                              0x00026209   Thumb Code     0  entry7b.o(.ARM.Collect$$$$00000008)
    __cpp_initialize__aeabi_                  - Undefined Weak Reference
    _main_cpp_init                           0x00026209   Thumb Code     0  entry8b.o(.ARM.Collect$$$$0000000A)
    _main_init                               0x00026209   Thumb Code     0  entry9a.o(.ARM.Collect$$$$0000000B)
    __rt_final_cpp                           0x00026211   Thumb Code     0  entry10a.o(.ARM.Collect$$$$0000000D)
    __cxa_finalize                            - Undefined Weak Reference
    __rt_final_exit                          0x00026211   Thumb Code     0  entry11a.o(.ARM.Collect$$$$0000000F)
    _microlib_exit                            - Undefined Weak Reference
    __semihosting_library_function           0x000264ef   Thumb Code     0  semi.o(.text)
    __aeabi_uidiv                            0x000264ef   Thumb Code     0  uidiv.o(.text)
    __aeabi_uidivmod                         0x000264ef   Thumb Code    44  uidiv.o(.text)
    __aeabi_llsr                             0x0002651b   Thumb Code    32  llushr.o(.text)
    _ll_ushift_r                             0x0002651b   Thumb Code     0  llushr.o(.text)
    __I$use$semihosting$fputc                0x0002653b   Thumb Code     0  iusesemip.o(.text)
    __scatterload                            0x0002653d   Thumb Code    28  init.o(.text)
    __scatterload_rt2                        0x0002653d   Thumb Code     0  init.o(.text)
    Region$$Table$$Base                      0x000321bc   Number         0  anon$$obj.o(Region$$Table)
    Region$$Table$$Limit                     0x000321bc   Number         0  anon$$obj.o(Region$$Table)
    BuildAttributes$$THM_ISAv4$E$P$D$K$B$S$7EM$VFPi3$EXTD16$VFPS$VFMA$PE$A:L22UL41UL21$X:L11$S22US41US21$IEEE1$IW$USESV6$~STKCKD$USESV7$~SHL$OSPACE$ROPI$EBA8$MICROLIB$REQ8$EABIv2 0x00000000   Number         0  anon$$obj.o ABSOLUTE
    __scatterload_copy                       0x00000001   Thumb Code    14  handlers.o(i.__scatterload_copy)
    __scatterload_null                       0x00000001   Thumb Code     2  handlers.o(i.__scatterload_null)
    __scatterload_zeroinit                   0x00000001   Thumb Code    14  handlers.o(i.__scatterload_zeroinit)
    __decompress                             0x00000001   Thumb Code     0  __dczerorl2.o(.text)
    __decompress1                            0x00000001   Thumb Code    86  __dczerorl2.o(.text)



==============================================================================

Memory Map of the image

  Image Entry point : 0x00000000

  Load Region LR_IROM1 (Base: 0x00026000, Size: 0x0000c538, Max: 0x0005a000, ABSOLUTE)

    Execution Region ER_IROM1 (Base: 0x00026000, Size: 0x0000c320, Max: 0x0005a000, ABSOLUTE)

    Base Addr    Size         Type   Attr      Idx    E Section Name        Object

    0x00026000   0x00000200   Data   RO         6903    RESET               arm_startup_nrf52.o
    0x00026200   0x00000000   Code   RO         6944  * .ARM.Collect$$$$00000000  mc_w.l(entry.o)
    0x00026200   0x00000004   Code   RO         7259    .ARM.Collect$$$$00000001  mc_w.l(entry2.o)
    0x00026204   0x00000004   Code   RO         7262    .ARM.Collect$$$$00000004  mc_w.l(entry5.o)
    0x00026208   0x00000000   Code   RO         7264    .ARM.Collect$$$$00000008  mc_w.l(entry7b.o)
    0x00026208   0x00000000   Code   RO         7266    .ARM.Collect$$$$0000000A  mc_w.l(entry8b.o)
    0x00026208   0x00000008   Code   RO         7267    .ARM.Collect$$$$0000000B  mc_w.l(entry9a.o)
    0x00026210   0x00000000   Code   RO         7269    .ARM.Collect$$$$0000000D  mc_w.l(entry10a.o)
    0x00026210   0x00000000   Code   RO         7271    .ARM.Collect$$$$0000000F  mc_w.l(entry11a.o)
    0x00026210   0x00000004   Code   RO         7260    .ARM.Collect$$$$00002712  mc_w.l(entry2.o)
    0x00026214   0x000000c8   Code   RO         4938    .emb_text           nrf_atfifo.o
    0x000262dc   0x000000e2   Code   RO         5074    .emb_text           nrf_atomic.o
    0x000263be   0x00000002   PAD
    0x000263c0   0x00000024   Code   RO         6904    .text               arm_startup_nrf52.o
    0x000263e4   0x00000062   Code   RO         6952    .text               mc_w.l(uldiv.o)
    0x00026446   0x0000001e   Code   RO         6954    .text               mc_w.l(llshl.o)
    0x00026464   0x00000008   Code   RO         6956    .text               mc_w.l(ctype_o.o)
    0x0002646c   0x00000024   Code   RO         6984    .text               mc_w.l(memcpya.o)
    0x00026490   0x00000024   Code   RO         6986    .text               mc_w.l(memseta.o)
    0x000264b4   0x0000000e   Code   RO         6988    .text               mc_w.l(strlen.o)
    0x000264c2   0x0000001a   Code   RO         6992    .text               mc_w.l(memcmp.o)
    0x000264dc   0x00000012   Code   RO         6994    .text               mc_w.l(strcpy.o)
    0x000264ee   0x00000000   Code   RO         7273    .text               mc_w.l(semi.o)
    0x000264ee   0x0000002c   Code   RO         7274    .text               mc_w.l(uidiv.o)
    0x0002651a   0x00000020   Code   RO         7276    .text               mc_w.l(llushr.o)
    0x0002653a   0x00000000   Code   RO         7279    .text               mc_w.l(iusesemip.o)
    0x0002653a   0x00000002   PAD
    0x0002653c   0x00000024   Code   RO         7290    .text               mc_w.l(init.o)
    0x00026560   0x00000164   Code   RO         3420    i.GPIOTE_IRQHandler  nrfx_gpiote.o
    0x000266c4   0x00000016   Code   RO         4305    i.NVIC_ClearPendingIRQ  app_timer.o
    0x000266da   0x00000016   Code   RO         4306    i.NVIC_EnableIRQ    app_timer.o
    0x000266f0   0x00000016   Code   RO         4307    i.NVIC_SetPendingIRQ  app_timer.o
    0x00026706   0x00000020   Code   RO         4308    i.NVIC_SetPriority  app_timer.o
    0x00026726   0x00000002   PAD
    0x00026728   0x00000058   Code   RO         3282    i.POWER_CLOCK_IRQHandler  nrfx_clock.o
    0x00026780   0x00000024   Code   RO         4309    i.RTC1_IRQHandler   app_timer.o
    0x000267a4   0x00000004   Code   RO         6346    i.SEGGER_RTT_Init   segger_rtt.o
    0x000267a8   0x0000005c   Code   RO         6360    i.SEGGER_RTT_WriteNoLock  segger_rtt.o
    0x00026804   0x00000004   Code   RO         4310    i.SWI0_EGU0_IRQHandler  app_timer.o
    0x00026808   0x00000004   Code   RO         6694    i.SWI2_EGU2_IRQHandler  nrf_sdh.o
    0x0002680c   0x0000031c   Code   RO         6912    i.SystemInit        system_nrf52.o
    0x00026b28   0x0000000c   Code   RO         3689    i.UARTE0_UART0_IRQHandler  nrfx_prs.o
    0x00026b34   0x00000068   Code   RO         6364    i._DoInit           segger_rtt.o
    0x00026b9c   0x00000016   Code   RO         6365    i._GetAvailWriteSpace  segger_rtt.o
    0x00026bb2   0x0000005a   Code   RO         6367    i._WriteBlocking    segger_rtt.o
    0x00026c0c   0x00000042   Code   RO         6368    i._WriteNoCheck     segger_rtt.o
    0x00026c4e   0x00000002   PAD
    0x00026c50   0x00000020   Code   RO         7043    i.__0printf$1       mc_w.l(printf1.o)
    0x00026c70   0x00000024   Code   RO         6695    i.__sd_nvic_app_accessible_irq  nrf_sdh.o
    0x00026c94   0x0000013c   Code   RO         2516    i._conn_secure      peer_manager_handler.o
    0x00026dd0   0x00000154   Code   RO         7050    i._printf_core      mc_w.l(printf1.o)
    0x00026f24   0x00000026   Code   RO         1552    i.addr_compare      id_manager.o
    0x00026f4a   0x0000000c   Code   RO         5326    i.addr_is_aligned32  nrf_fstorage.o
    0x00026f56   0x00000018   Code   RO         5327    i.addr_is_within_bounds  nrf_fstorage.o
    0x00026f6e   0x00000036   Code   RO          666    i.advertising_buttons_configure  bsp_btn_ble.o
    0x00026fa4   0x0000008c   Code   RO            4    i.advertising_init  main.o
    0x00027030   0x00000050   Code   RO            5    i.advertising_start  main.o
    0x00027080   0x00000052   Code   RO         1553    i.ah                id_manager.o
    0x000270d2   0x00000006   Code   RO          549    i.alert_timer_handler  bsp.o
    0x000270d8   0x0000000c   Code   RO         2651    i.allow_repairing   security_dispatcher.o
    0x000270e4   0x00000024   Code   RO         4087    i.app_button_enable  app_button.o
    0x00027108   0x00000078   Code   RO         4088    i.app_button_init   app_button.o
    0x00027180   0x00000084   Code   RO         4211    i.app_error_fault_handler  app_error_weak.o
    0x00027204   0x00000016   Code   RO         4151    i.app_error_handler_bare  app_error.o
    0x0002721a   0x00000002   PAD
    0x0002721c   0x00000024   Code   RO         4313    i.app_timer_create  app_timer.o
    0x00027240   0x00000054   Code   RO         4314    i.app_timer_init    app_timer.o
    0x00027294   0x00000088   Code   RO         4317    i.app_timer_start   app_timer.o
    0x0002731c   0x00000020   Code   RO         4318    i.app_timer_stop    app_timer.o
    0x0002733c   0x00000048   Code   RO         4478    i.app_util_critical_region_enter  app_util_platform.o
    0x00027384   0x00000034   Code   RO         4479    i.app_util_critical_region_exit  app_util_platform.o
    0x000273b8   0x00000088   Code   RO         3743    i.apply_config      nrfx_uart.o
    0x00027440   0x00000088   Code   RO         3931    i.apply_config      nrfx_uarte.o
    0x000274c8   0x00000004   Code   RO         1286    i.apply_pending_handle  gatt_cache_manager.o
    0x000274cc   0x00000180   Code   RO         2652    i.auth_status_success_process  security_dispatcher.o
    0x0002764c   0x00000182   Code   RO          791    i.ble_advdata_encode  ble_advdata.o
    0x000277ce   0x00000020   Code   RO          793    i.ble_advdata_parse  ble_advdata.o
    0x000277ee   0x00000038   Code   RO          794    i.ble_advdata_search  ble_advdata.o
    0x00027826   0x00000006   Code   RO          898    i.ble_advertising_conn_cfg_tag_set  ble_advertising.o
    0x0002782c   0x0000010e   Code   RO          899    i.ble_advertising_init  ble_advertising.o
    0x0002793a   0x0000006a   Code   RO          901    i.ble_advertising_on_ble_evt  ble_advertising.o
    0x000279a4   0x00000002   Code   RO          902    i.ble_advertising_on_sys_evt  ble_advertising.o
    0x000279a6   0x0000003a   Code   RO          904    i.ble_advertising_restart_without_whitelist  ble_advertising.o
    0x000279e0   0x0000022c   Code   RO          905    i.ble_advertising_start  ble_advertising.o
    0x00027c0c   0x00000068   Code   RO          991    i.ble_conn_params_init  ble_conn_params.o
    0x00027c74   0x00000020   Code   RO         1067    i.ble_conn_state_encrypted  ble_conn_state.o
    0x00027c94   0x0000002c   Code   RO         1069    i.ble_conn_state_for_each_set_user_flag  ble_conn_state.o
    0x00027cc0   0x00000020   Code   RO         1071    i.ble_conn_state_mitm_protected  ble_conn_state.o
    0x00027ce0   0x00000024   Code   RO         1074    i.ble_conn_state_role  ble_conn_state.o
    0x00027d04   0x00000024   Code   RO         1075    i.ble_conn_state_status  ble_conn_state.o
    0x00027d28   0x00000018   Code   RO         1076    i.ble_conn_state_user_flag_acquire  ble_conn_state.o
    0x00027d40   0x00000030   Code   RO         1077    i.ble_conn_state_user_flag_get  ble_conn_state.o
    0x00027d70   0x00000040   Code   RO         1078    i.ble_conn_state_user_flag_set  ble_conn_state.o
    0x00027db0   0x00000014   Code   RO         1079    i.ble_conn_state_valid  ble_conn_state.o
    0x00027dc4   0x00000060   Code   RO          797    i.ble_device_addr_encode  ble_advdata.o
    0x00027e24   0x00000118   Code   RO            7    i.ble_evt_handler   main.o
    0x00027f3c   0x00000070   Code   RO          667    i.ble_evt_handler   bsp_btn_ble.o
    0x00027fac   0x000000fc   Code   RO          993    i.ble_evt_handler   ble_conn_params.o
    0x000280a8   0x00000104   Code   RO         1080    i.ble_evt_handler   ble_conn_state.o
    0x000281ac   0x00000028   Code   RO         2216    i.ble_evt_handler   peer_manager.o
    0x000281d4   0x00000008   Code   RO         1225    i.ble_srv_is_notification_enabled  ble_srv_common.o
    0x000281dc   0x0000000c   Code   RO          413    i.bsp_board_button_idx_to_pin  boards.o
    0x000281e8   0x00000020   Code   RO          414    i.bsp_board_button_state_get  boards.o
    0x00028208   0x00000054   Code   RO          415    i.bsp_board_init    boards.o
    0x0002825c   0x00000024   Code   RO          417    i.bsp_board_led_invert  boards.o
    0x00028280   0x00000010   Code   RO          418    i.bsp_board_led_off  boards.o
    0x00028290   0x00000010   Code   RO          419    i.bsp_board_led_on  boards.o
    0x000282a0   0x00000020   Code   RO          420    i.bsp_board_led_state_get  boards.o
    0x000282c0   0x00000012   Code   RO          421    i.bsp_board_leds_off  boards.o
    0x000282d2   0x00000012   Code   RO          422    i.bsp_board_leds_on  boards.o
    0x000282e4   0x00000024   Code   RO          423    i.bsp_board_pin_to_button_idx  boards.o
    0x00028308   0x00000038   Code   RO          668    i.bsp_btn_ble_init  bsp_btn_ble.o
    0x00028340   0x0000001e   Code   RO          669    i.bsp_btn_ble_sleep_mode_prepare  bsp_btn_ble.o
    0x0002835e   0x00000002   PAD
    0x00028360   0x00000090   Code   RO          550    i.bsp_button_event_handler  bsp.o
    0x000283f0   0x0000000c   Code   RO          551    i.bsp_button_is_pressed  bsp.o
    0x000283fc   0x0000004c   Code   RO            8    i.bsp_event_handler  main.o
    0x00028448   0x00000044   Code   RO          554    i.bsp_event_to_button_action_assign  bsp.o
    0x0002848c   0x00000018   Code   RO          555    i.bsp_indication_set  bsp.o
    0x000284a4   0x00000094   Code   RO          556    i.bsp_init          bsp.o
    0x00028538   0x000001c8   Code   RO          557    i.bsp_led_indication  bsp.o
    0x00028700   0x00000006   Code   RO          559    i.bsp_wakeup_button_enable  bsp.o
    0x00028706   0x00000002   PAD
    0x00028708   0x00000090   Code   RO         6101    i.buf_prealloc      nrf_log_frontend.o
    0x00028798   0x0000002e   Code   RO         5286    i.buffer_add        nrf_fprintf_format.o
    0x000287c6   0x00000002   PAD
    0x000287c8   0x00000014   Code   RO         6102    i.buffer_is_empty   nrf_log_frontend.o
    0x000287dc   0x00000008   Code   RO          560    i.button_timer_handler  bsp.o
    0x000287e4   0x00000028   Code   RO         1287    i.car_update_needed  gatt_cache_manager.o
    0x0002880c   0x00000040   Code   RO         1288    i.car_update_pending_handle  gatt_cache_manager.o
    0x0002884c   0x0000001c   Code   RO         3421    i.channel_free      nrfx_gpiote.o
    0x00028868   0x00000048   Code   RO         3422    i.channel_port_alloc  nrfx_gpiote.o
    0x000288b0   0x00000010   Code   RO         3423    i.channel_port_get  nrfx_gpiote.o
    0x000288c0   0x0000003e   Code   RO         2126    i.claim             peer_id.o
    0x000288fe   0x00000002   PAD
    0x00028900   0x00000028   Code   RO         2945    i.clock_clk_started_notify  nrf_drv_clock.o
    0x00028928   0x0000001c   Code   RO         2946    i.clock_irq_handler  nrf_drv_clock.o
    0x00028944   0x000000ac   Code   RO         4320    i.compare_reg_update  app_timer.o
    0x000289f0   0x0000003e   Code   RO         1081    i.conn_handle_list_get  ble_conn_state.o
    0x00028a2e   0x00000088   Code   RO          798    i.conn_int_encode   ble_advdata.o
    0x00028ab6   0x00000004   Code   RO            9    i.conn_params_error_handler  main.o
    0x00028aba   0x00000002   PAD
    0x00028abc   0x00000048   Code   RO          994    i.conn_params_negotiation  ble_conn_params.o
    0x00028b04   0x00000044   Code   RO         2653    i.conn_sec_failure  security_dispatcher.o
    0x00028b48   0x00000004   Code   RO         2517    i.conn_secure       peer_manager_handler.o
    0x00028b4c   0x000000c0   Code   RO         1721    i.data_length_update  nrf_ble_gatt.o
    0x00028c0c   0x00000030   Code   RO         1289    i.db_update_pending_handle  gatt_cache_manager.o
    0x00028c3c   0x00000080   Code   RO         4573    i.delete_execute    fds.o
    0x00028cbc   0x0000009c   Code   RO         4090    i.detection_delay_timeout_handler  app_button.o
    0x00028d58   0x00000014   Code   RO         6103    i.dropped_sat16_get  nrf_log_frontend.o
    0x00028d6c   0x00000040   Code   RO         4321    i.elapsed_ticks_acquire  app_timer.o
    0x00028dac   0x0000000a   Code   RO         2654    i.encryption_failure  security_dispatcher.o
    0x00028db6   0x00000002   PAD
    0x00028db8   0x0000004c   Code   RO         5413    i.erase             nrf_fstorage_sd.o
    0x00028e04   0x00000074   Code   RO         4574    i.event_prepare     fds.o
    0x00028e78   0x00000020   Code   RO         4575    i.event_send        fds.o
    0x00028e98   0x00000054   Code   RO         5414    i.event_send        nrf_fstorage_sd.o
    0x00028eec   0x000000ac   Code   RO         2792    i.events_send_from_err_code  security_manager.o
    0x00028f98   0x0000001c   Code   RO         1290    i.evt_send          gatt_cache_manager.o
    0x00028fb4   0x0000001c   Code   RO         1457    i.evt_send          gatts_cache_manager.o
    0x00028fd0   0x0000002c   Code   RO         2217    i.evt_send          peer_manager.o
    0x00028ffc   0x0000001c   Code   RO         2655    i.evt_send          security_dispatcher.o
    0x00029018   0x0000000c   Code   RO         2793    i.evt_send          security_manager.o
    0x00029024   0x000000ec   Code   RO         1864    i.fds_evt_handler   peer_data_storage.o
    0x00029110   0x00000044   Code   RO         4577    i.fds_file_delete   fds.o
    0x00029154   0x0000003c   Code   RO         4578    i.fds_gc            fds.o
    0x00029190   0x000000e0   Code   RO         4579    i.fds_init          fds.o
    0x00029270   0x00000040   Code   RO         4580    i.fds_record_close  fds.o
    0x000292b0   0x0000000e   Code   RO         4582    i.fds_record_find   fds.o
    0x000292be   0x00000010   Code   RO         4583    i.fds_record_find_by_key  fds.o
    0x000292ce   0x00000010   Code   RO         4584    i.fds_record_find_in_file  fds.o
    0x000292de   0x00000010   Code   RO         4585    i.fds_record_id_from_desc  fds.o
    0x000292ee   0x00000002   PAD
    0x000292f0   0x00000048   Code   RO         4587    i.fds_record_open   fds.o
    0x00029338   0x0000000e   Code   RO         4588    i.fds_record_update  fds.o
    0x00029346   0x00000008   Code   RO         4589    i.fds_record_write  fds.o
    0x0002934e   0x00000002   PAD
    0x00029350   0x0000002c   Code   RO         4591    i.fds_register      fds.o
    0x0002937c   0x00000014   Code   RO         1865    i.file_id_within_pm_range  peer_data_storage.o
    0x00029390   0x00000012   Code   RO         2656    i.flag_id_init      security_dispatcher.o
    0x000293a2   0x00000012   Code   RO         2794    i.flag_id_init      security_manager.o
    0x000293b4   0x00000028   Code   RO          907    i.flags_set         ble_advertising.o
    0x000293dc   0x00000030   Code   RO         2795    i.flags_set_from_err_code  security_manager.o
    0x0002940c   0x00000030   Code   RO         1082    i.for_each_set_flag  ble_conn_state.o
    0x0002943c   0x00000012   Code   RO         6947    i.fputc             mc_w.l(fputc.o)
    0x0002944e   0x00000006   Code   RO         4595    i.fs_event_handler  fds.o
    0x00029454   0x0000006c   Code   RO           10    i.gap_params_init   main.o
    0x000294c0   0x00000074   Code   RO         4596    i.gc_execute        fds.o
    0x00029534   0x0000004c   Code   RO         4597    i.gc_next_page      fds.o
    0x00029580   0x00000040   Code   RO         4598    i.gc_page_erase     fds.o
    0x000295c0   0x00000034   Code   RO         4599    i.gc_record_copy    fds.o
    0x000295f4   0x00000024   Code   RO         4600    i.gc_record_find_next  fds.o
    0x00029618   0x00000088   Code   RO         4601    i.gc_state_advance  fds.o
    0x000296a0   0x00000230   Code   RO         1291    i.gcm_ble_evt_handler  gatt_cache_manager.o
    0x000298d0   0x0000003c   Code   RO         1292    i.gcm_im_evt_handler  gatt_cache_manager.o
    0x0002990c   0x00000094   Code   RO         1293    i.gcm_init          gatt_cache_manager.o
    0x000299a0   0x00000088   Code   RO         1296    i.gcm_pdb_evt_handler  gatt_cache_manager.o
    0x00029a28   0x00000084   Code   RO         4091    i.gpiote_event_handler  app_button.o
    0x00029aac   0x0000001c   Code   RO         1458    i.gscm_db_change_notification_done  gatts_cache_manager.o
    0x00029ac8   0x00000014   Code   RO         1459    i.gscm_init         gatts_cache_manager.o
    0x00029adc   0x00000090   Code   RO         1461    i.gscm_local_db_cache_apply  gatts_cache_manager.o
    0x00029b6c   0x000000ac   Code   RO         1462    i.gscm_local_db_cache_update  gatts_cache_manager.o
    0x00029c18   0x00000018   Code   RO         1463    i.gscm_pdb_evt_handler  gatts_cache_manager.o
    0x00029c30   0x0000001e   Code   RO         1464    i.gscm_service_changed_ind_needed  gatts_cache_manager.o
    0x00029c4e   0x00000002   PAD
    0x00029c50   0x0000005c   Code   RO         1465    i.gscm_service_changed_ind_send  gatts_cache_manager.o
    0x00029cac   0x00000026   Code   RO         4602    i.header_check      fds.o
    0x00029cd2   0x00000012   Code   RO         4603    i.header_has_next   fds.o
    0x00029ce4   0x00000046   Code   RO         1554    i.im_address_resolve  id_manager.o
    0x00029d2a   0x00000002   PAD
    0x00029d2c   0x00000038   Code   RO         1555    i.im_ble_addr_get   id_manager.o
    0x00029d64   0x000000dc   Code   RO         1556    i.im_ble_evt_handler  id_manager.o
    0x00029e40   0x00000040   Code   RO         1557    i.im_conn_handle_get  id_manager.o
    0x00029e80   0x00000038   Code   RO         1559    i.im_find_duplicate_bonding_data  id_manager.o
    0x00029eb8   0x00000072   Code   RO         1562    i.im_is_duplicate_bonding_data  id_manager.o
    0x00029f2a   0x00000018   Code   RO         1563    i.im_master_id_is_valid  id_manager.o
    0x00029f42   0x0000002a   Code   RO         1564    i.im_master_ids_compare  id_manager.o
    0x00029f6c   0x00000014   Code   RO         1565    i.im_new_peer_id    id_manager.o
    0x00029f80   0x0000002c   Code   RO         1566    i.im_peer_free      id_manager.o
    0x00029fac   0x00000024   Code   RO         1567    i.im_peer_id_get_by_conn_handle  id_manager.o
    0x00029fd0   0x0000003c   Code   RO         1568    i.im_peer_id_get_by_master_id  id_manager.o
    0x0002a00c   0x00000034   Code   RO         5415    i.init              nrf_fstorage_sd.o
    0x0002a040   0x000000c8   Code   RO         4604    i.init_execute      fds.o
    0x0002a108   0x00000014   Code   RO          995    i.instance_get      ble_conn_params.o
    0x0002a11c   0x000000a6   Code   RO         5287    i.int_print         nrf_fprintf_format.o
    0x0002a1c2   0x00000002   PAD
    0x0002a1c4   0x0000007c   Code   RO         3932    i.interrupts_enable  nrfx_uarte.o
    0x0002a240   0x00000034   Code   RO         6104    i.invalid_packets_omit  nrf_log_frontend.o
    0x0002a274   0x00000010   Code   RO         5416    i.is_busy           nrf_fstorage_sd.o
    0x0002a284   0x00000044   Code   RO          996    i.is_conn_params_ok  ble_conn_params.o
    0x0002a2c8   0x00000014   Code   RO         1573    i.is_valid_irk      id_manager.o
    0x0002a2dc   0x0000000c   Code   RO         4605    i.is_word_aligned   fds.o
    0x0002a2e8   0x00000030   Code   RO          561    i.leds_off          bsp.o
    0x0002a318   0x00000014   Code   RO          562    i.leds_timer_handler  bsp.o
    0x0002a32c   0x00000014   Code   RO         1722    i.link_init         nrf_ble_gatt.o
    0x0002a340   0x000000d0   Code   RO         2796    i.link_secure       security_manager.o
    0x0002a410   0x0000003c   Code   RO         2657    i.link_secure_failure  security_dispatcher.o
    0x0002a44c   0x0000002c   Code   RO         2797    i.link_secure_pending_handle  security_manager.o
    0x0002a478   0x000000f8   Code   RO         4322    i.list_insertions_handler  app_timer.o
    0x0002a570   0x000000a8   Code   RO         1297    i.local_db_apply_in_evt  gatt_cache_manager.o
    0x0002a618   0x00000010   Code   RO         1298    i.local_db_update   gatt_cache_manager.o
    0x0002a628   0x0000010c   Code   RO         1299    i.local_db_update_in_evt  gatt_cache_manager.o
    0x0002a734   0x0000009c   Code   RO         6105    i.log_skip          nrf_log_frontend.o
    0x0002a7d0   0x00000150   Code   RO           11    i.main              main.o
    0x0002a920   0x00000064   Code   RO          799    i.manuf_specific_data_encode  ble_advdata.o
    0x0002a984   0x0000007e   Code   RO         5525    i.memobj_op         nrf_memobj.o
    0x0002aa02   0x00000002   PAD
    0x0002aa04   0x00000030   Code   RO         6106    i.module_idx_get    nrf_log_frontend.o
    0x0002aa34   0x00000008   Code   RO         2604    i.mutex_lock_status_get  pm_buffer.o
    0x0002aa3c   0x000000a6   Code   RO          800    i.name_encode       ble_advdata.o
    0x0002aae2   0x00000002   PAD
    0x0002aae4   0x00000014   Code   RO         2798    i.new_context_get   security_manager.o
    0x0002aaf8   0x00000030   Code   RO         2127    i.next_id_get       peer_id.o
    0x0002ab28   0x00000010   Code   RO         4940    i.nrf_atfifo_clear  nrf_atfifo.o
    0x0002ab38   0x00000026   Code   RO         4942    i.nrf_atfifo_init   nrf_atfifo.o
    0x0002ab5e   0x00000016   Code   RO         4943    i.nrf_atfifo_item_alloc  nrf_atfifo.o
    0x0002ab74   0x00000016   Code   RO         4944    i.nrf_atfifo_item_free  nrf_atfifo.o
    0x0002ab8a   0x00000016   Code   RO         4945    i.nrf_atfifo_item_get  nrf_atfifo.o
    0x0002aba0   0x00000016   Code   RO         4946    i.nrf_atfifo_item_put  nrf_atfifo.o
    0x0002abb6   0x00000016   Code   RO         5008    i.nrf_atflags_clear  nrf_atflags.o
    0x0002abcc   0x00000020   Code   RO         5010    i.nrf_atflags_fetch_set  nrf_atflags.o
    0x0002abec   0x0000004a   Code   RO         5012    i.nrf_atflags_find_and_set_flag  nrf_atflags.o
    0x0002ac36   0x00000016   Code   RO         5013    i.nrf_atflags_get   nrf_atflags.o
    0x0002ac4c   0x00000014   Code   RO         5015    i.nrf_atflags_set   nrf_atflags.o
    0x0002ac60   0x00000006   Code   RO         5076    i.nrf_atomic_flag_clear_fetch  nrf_atomic.o
    0x0002ac66   0x00000006   Code   RO         5077    i.nrf_atomic_flag_set  nrf_atomic.o
    0x0002ac6c   0x00000006   Code   RO         5078    i.nrf_atomic_flag_set_fetch  nrf_atomic.o
    0x0002ac72   0x0000000c   Code   RO         5079    i.nrf_atomic_u32_add  nrf_atomic.o
    0x0002ac7e   0x0000000c   Code   RO         5080    i.nrf_atomic_u32_and  nrf_atomic.o
    0x0002ac8a   0x0000000a   Code   RO         5082    i.nrf_atomic_u32_fetch_add  nrf_atomic.o
    0x0002ac94   0x0000000a   Code   RO         5083    i.nrf_atomic_u32_fetch_and  nrf_atomic.o
    0x0002ac9e   0x0000000a   Code   RO         5084    i.nrf_atomic_u32_fetch_or  nrf_atomic.o
    0x0002aca8   0x0000000a   Code   RO         5085    i.nrf_atomic_u32_fetch_store  nrf_atomic.o
    0x0002acb2   0x0000000c   Code   RO         5089    i.nrf_atomic_u32_or  nrf_atomic.o
    0x0002acbe   0x0000000c   Code   RO         5091    i.nrf_atomic_u32_sub  nrf_atomic.o
    0x0002acca   0x00000044   Code   RO         5210    i.nrf_balloc_alloc  nrf_balloc.o
    0x0002ad0e   0x00000030   Code   RO         5211    i.nrf_balloc_free   nrf_balloc.o
    0x0002ad3e   0x00000030   Code   RO         5212    i.nrf_balloc_init   nrf_balloc.o
    0x0002ad6e   0x00000010   Code   RO         3424    i.nrf_bitmask_bit_is_set  nrfx_gpiote.o
    0x0002ad7e   0x00000014   Code   RO         3425    i.nrf_bitmask_bit_set  nrfx_gpiote.o
    0x0002ad92   0x00000022   Code   RO         1728    i.nrf_ble_gatt_init  nrf_ble_gatt.o
    0x0002adb4   0x00000150   Code   RO         1729    i.nrf_ble_gatt_on_ble_evt  nrf_ble_gatt.o
    0x0002af04   0x00000016   Code   RO         1823    i.nrf_ble_qwr_conn_handle_assign  nrf_ble_qwr.o
    0x0002af1a   0x00000024   Code   RO         1824    i.nrf_ble_qwr_init  nrf_ble_qwr.o
    0x0002af3e   0x000000b6   Code   RO         1825    i.nrf_ble_qwr_on_ble_evt  nrf_ble_qwr.o
    0x0002aff4   0x0000000e   Code   RO         3283    i.nrf_clock_event_check  nrfx_clock.o
    0x0002b002   0x00000010   Code   RO         3284    i.nrf_clock_event_clear  nrfx_clock.o
    0x0002b012   0x00000002   PAD
    0x0002b014   0x00000038   Code   RO         2953    i.nrf_drv_clock_init  nrf_drv_clock.o
    0x0002b04c   0x00000030   Code   RO         2957    i.nrf_drv_clock_lfclk_release  nrf_drv_clock.o
    0x0002b07c   0x00000068   Code   RO         3091    i.nrf_drv_uart_init  nrf_drv_uart.o
    0x0002b0e4   0x0000001a   Code   RO         5247    i.nrf_fprintf       nrf_fprintf.o
    0x0002b0fe   0x00000018   Code   RO         5248    i.nrf_fprintf_buffer_flush  nrf_fprintf.o
    0x0002b116   0x000001da   Code   RO         5288    i.nrf_fprintf_fmt   nrf_fprintf_format.o
    0x0002b2f0   0x00000138   Code   RO         5328    i.nrf_fstorage_erase  nrf_fstorage.o
    0x0002b428   0x00000094   Code   RO         5329    i.nrf_fstorage_init  nrf_fstorage.o
    0x0002b4bc   0x00000018   Code   RO         5417    i.nrf_fstorage_sdh_req_handler  nrf_fstorage_sd.o
    0x0002b4d4   0x00000020   Code   RO         5418    i.nrf_fstorage_sdh_state_handler  nrf_fstorage_sd.o
    0x0002b4f4   0x000000a4   Code   RO         5419    i.nrf_fstorage_sys_evt_handler  nrf_fstorage_sd.o
    0x0002b598   0x000001dc   Code   RO         5335    i.nrf_fstorage_write  nrf_fstorage.o
    0x0002b774   0x00000024   Code   RO          425    i.nrf_gpio_cfg      boards.o
    0x0002b798   0x00000024   Code   RO         3426    i.nrf_gpio_cfg      nrfx_gpiote.o
    0x0002b7bc   0x00000024   Code   RO         3744    i.nrf_gpio_cfg      nrfx_uart.o
    0x0002b7e0   0x00000024   Code   RO         3933    i.nrf_gpio_cfg      nrfx_uarte.o
    0x0002b804   0x00000012   Code   RO         3745    i.nrf_gpio_cfg_default  nrfx_uart.o
    0x0002b816   0x00000012   Code   RO         3934    i.nrf_gpio_cfg_default  nrfx_uarte.o
    0x0002b828   0x00000012   Code   RO         3746    i.nrf_gpio_cfg_input  nrfx_uart.o
    0x0002b83a   0x00000012   Code   RO         3935    i.nrf_gpio_cfg_input  nrfx_uarte.o
    0x0002b84c   0x00000014   Code   RO         3747    i.nrf_gpio_cfg_output  nrfx_uart.o
    0x0002b860   0x00000014   Code   RO         3936    i.nrf_gpio_cfg_output  nrfx_uarte.o
    0x0002b874   0x00000022   Code   RO         3428    i.nrf_gpio_cfg_sense_set  nrfx_gpiote.o
    0x0002b896   0x00000016   Code   RO          426    i.nrf_gpio_pin_write  boards.o
    0x0002b8ac   0x00000028   Code   RO         3429    i.nrf_gpio_ports_read  nrfx_gpiote.o
    0x0002b8d4   0x00000014   Code   RO         3430    i.nrf_gpiote_event_clear  nrfx_gpiote.o
    0x0002b8e8   0x00000010   Code   RO         3431    i.nrf_gpiote_event_is_set  nrfx_gpiote.o
    0x0002b8f8   0x0000005c   Code   RO         6107    i.nrf_log_backend_add  nrf_log_frontend.o
    0x0002b954   0x00000002   Code   RO         5878    i.nrf_log_backend_rtt_flush  nrf_log_backend_rtt.o
    0x0002b956   0x00000004   Code   RO         5879    i.nrf_log_backend_rtt_init  nrf_log_backend_rtt.o
    0x0002b95a   0x00000002   Code   RO         5880    i.nrf_log_backend_rtt_panic_set  nrf_log_backend_rtt.o
    0x0002b95c   0x00000018   Code   RO         5881    i.nrf_log_backend_rtt_put  nrf_log_backend_rtt.o
    0x0002b974   0x000000c8   Code   RO         5947    i.nrf_log_backend_serial_put  nrf_log_backend_serial.o
    0x0002ba3c   0x00000002   Code   RO         5981    i.nrf_log_backend_uart_flush  nrf_log_backend_uart.o
    0x0002ba3e   0x00000006   Code   RO         5982    i.nrf_log_backend_uart_init  nrf_log_backend_uart.o
    0x0002ba44   0x0000002c   Code   RO         5983    i.nrf_log_backend_uart_panic_set  nrf_log_backend_uart.o
    0x0002ba70   0x00000018   Code   RO         5984    i.nrf_log_backend_uart_put  nrf_log_backend_uart.o
    0x0002ba88   0x00000030   Code   RO         6109    i.nrf_log_color_id_get  nrf_log_frontend.o
    0x0002bab8   0x00000034   Code   RO         6060    i.nrf_log_default_backends_init  nrf_log_default_backends.o
    0x0002baec   0x00000234   Code   RO         6110    i.nrf_log_frontend_dequeue  nrf_log_frontend.o
    0x0002bd20   0x00000008   Code   RO         6112    i.nrf_log_frontend_std_0  nrf_log_frontend.o
    0x0002bd28   0x0000000e   Code   RO         6113    i.nrf_log_frontend_std_1  nrf_log_frontend.o
    0x0002bd36   0x00000010   Code   RO         6114    i.nrf_log_frontend_std_2  nrf_log_frontend.o
    0x0002bd46   0x00000012   Code   RO         6115    i.nrf_log_frontend_std_3  nrf_log_frontend.o
    0x0002bd58   0x00000014   Code   RO         6116    i.nrf_log_frontend_std_4  nrf_log_frontend.o
    0x0002bd6c   0x000000b0   Code   RO         6287    i.nrf_log_hexdump_entry_process  nrf_log_str_formatter.o
    0x0002be1c   0x0000003c   Code   RO         6119    i.nrf_log_init      nrf_log_frontend.o
    0x0002be58   0x00000014   Code   RO         6120    i.nrf_log_module_cnt_get  nrf_log_frontend.o
    0x0002be6c   0x0000001c   Code   RO         6123    i.nrf_log_module_name_get  nrf_log_frontend.o
    0x0002be88   0x0000002c   Code   RO         6124    i.nrf_log_panic     nrf_log_frontend.o
    0x0002beb4   0x000000b6   Code   RO         6288    i.nrf_log_std_entry_process  nrf_log_str_formatter.o
    0x0002bf6a   0x00000060   Code   RO         5526    i.nrf_memobj_alloc  nrf_memobj.o
    0x0002bfca   0x00000032   Code   RO         5527    i.nrf_memobj_free   nrf_memobj.o
    0x0002bffc   0x00000008   Code   RO         5528    i.nrf_memobj_get    nrf_memobj.o
    0x0002c004   0x00000004   Code   RO         5529    i.nrf_memobj_pool_init  nrf_memobj.o
    0x0002c008   0x0000001e   Code   RO         5530    i.nrf_memobj_put    nrf_memobj.o
    0x0002c026   0x00000010   Code   RO         5531    i.nrf_memobj_read   nrf_memobj.o
    0x0002c036   0x00000010   Code   RO         5532    i.nrf_memobj_write  nrf_memobj.o
    0x0002c046   0x00000002   PAD
    0x0002c048   0x00000028   Code   RO         5604    i.nrf_pwr_mgmt_init  nrf_pwr_mgmt.o
    0x0002c070   0x00000044   Code   RO         5605    i.nrf_pwr_mgmt_run  nrf_pwr_mgmt.o
    0x0002c0b4   0x00000004   Code   RO           12    i.nrf_qwr_error_handler  main.o
    0x0002c0b8   0x0000001c   Code   RO         5678    i.nrf_ringbuf_init  nrf_ringbuf.o
    0x0002c0d4   0x00000014   Code   RO         6815    i.nrf_sdh_ble_app_ram_start_get  nrf_sdh_ble.o
    0x0002c0e8   0x00000100   Code   RO         6816    i.nrf_sdh_ble_default_cfg_set  nrf_sdh_ble.o
    0x0002c1e8   0x00000130   Code   RO         6817    i.nrf_sdh_ble_enable  nrf_sdh_ble.o
    0x0002c318   0x0000005c   Code   RO         6818    i.nrf_sdh_ble_evts_poll  nrf_sdh_ble.o
    0x0002c374   0x00000054   Code   RO         6696    i.nrf_sdh_disable_request  nrf_sdh.o
    0x0002c3c8   0x00000074   Code   RO         6697    i.nrf_sdh_enable_request  nrf_sdh.o
    0x0002c43c   0x00000024   Code   RO         6698    i.nrf_sdh_evts_poll  nrf_sdh.o
    0x0002c460   0x0000000c   Code   RO         6699    i.nrf_sdh_is_enabled  nrf_sdh.o
    0x0002c46c   0x0000001c   Code   RO         6701    i.nrf_sdh_request_continue  nrf_sdh.o
    0x0002c488   0x0000003c   Code   RO         6869    i.nrf_sdh_soc_evts_poll  nrf_sdh_soc.o
    0x0002c4c4   0x0000000a   Code   RO         5736    i.nrf_section_iter_init  nrf_section_iter.o
    0x0002c4ce   0x00000024   Code   RO         5737    i.nrf_section_iter_item_set  nrf_section_iter.o
    0x0002c4f2   0x00000020   Code   RO         5738    i.nrf_section_iter_next  nrf_section_iter.o
    0x0002c512   0x00000002   PAD
    0x0002c514   0x00000038   Code   RO         5771    i.nrf_strerror_find  nrf_strerror.o
    0x0002c54c   0x00000014   Code   RO         5772    i.nrf_strerror_get  nrf_strerror.o
    0x0002c560   0x0000000a   Code   RO         3748    i.nrf_uart_event_check  nrfx_uart.o
    0x0002c56a   0x0000000c   Code   RO         3749    i.nrf_uart_event_clear  nrfx_uart.o
    0x0002c576   0x0000000c   Code   RO         3750    i.nrf_uart_int_enable_check  nrfx_uart.o
    0x0002c582   0x0000000a   Code   RO         3937    i.nrf_uarte_event_check  nrfx_uarte.o
    0x0002c58c   0x0000000c   Code   RO         3938    i.nrf_uarte_event_clear  nrfx_uarte.o
    0x0002c598   0x0000002c   Code   RO         3289    i.nrfx_clock_enable  nrfx_clock.o
    0x0002c5c4   0x00000020   Code   RO         3292    i.nrfx_clock_init   nrfx_clock.o
    0x0002c5e4   0x0000001c   Code   RO         3295    i.nrfx_clock_lfclk_stop  nrfx_clock.o
    0x0002c600   0x00000010   Code   RO         4323    i.nrfx_coredep_delay_us  app_timer.o
    0x0002c610   0x000000a4   Code   RO         3436    i.nrfx_gpiote_in_event_enable  nrfx_gpiote.o
    0x0002c6b4   0x000000d0   Code   RO         3437    i.nrfx_gpiote_in_init  nrfx_gpiote.o
    0x0002c784   0x00000014   Code   RO         3438    i.nrfx_gpiote_in_is_set  nrfx_gpiote.o
    0x0002c798   0x0000006c   Code   RO         3440    i.nrfx_gpiote_init  nrfx_gpiote.o
    0x0002c804   0x00000014   Code   RO         3441    i.nrfx_gpiote_is_init  nrfx_gpiote.o
    0x0002c818   0x00000010   Code   RO         3939    i.nrfx_is_in_ram    nrfx_uarte.o
    0x0002c828   0x0000003a   Code   RO         3690    i.nrfx_prs_acquire  nrfx_prs.o
    0x0002c862   0x00000012   Code   RO         3691    i.nrfx_prs_release  nrfx_prs.o
    0x0002c874   0x00000010   Code   RO         3751    i.nrfx_uart_0_irq_handler  nrfx_uart.o
    0x0002c884   0x000000d0   Code   RO         3753    i.nrfx_uart_init    nrfx_uart.o
    0x0002c954   0x000000a4   Code   RO         3759    i.nrfx_uart_tx      nrfx_uart.o
    0x0002c9f8   0x00000020   Code   RO         3761    i.nrfx_uart_tx_in_progress  nrfx_uart.o
    0x0002ca18   0x000000b4   Code   RO         3762    i.nrfx_uart_uninit  nrfx_uart.o
    0x0002cacc   0x00000010   Code   RO         3940    i.nrfx_uarte_0_irq_handler  nrfx_uarte.o
    0x0002cadc   0x0000006c   Code   RO         3942    i.nrfx_uarte_init   nrfx_uarte.o
    0x0002cb48   0x00000090   Code   RO         3946    i.nrfx_uarte_tx     nrfx_uarte.o
    0x0002cbd8   0x0000001c   Code   RO         3948    i.nrfx_uarte_tx_in_progress  nrfx_uarte.o
    0x0002cbf4   0x000000b0   Code   RO         3949    i.nrfx_uarte_uninit  nrfx_uarte.o
    0x0002cca4   0x00000054   Code   RO           13    i.on_adv_evt        main.o
    0x0002ccf8   0x0000001c   Code   RO           14    i.on_conn_params_evt  main.o
    0x0002cd14   0x000000a8   Code   RO         1730    i.on_connected_evt  nrf_ble_gatt.o
    0x0002cdbc   0x000000ac   Code   RO         1731    i.on_exchange_mtu_request_evt  nrf_ble_gatt.o
    0x0002ce68   0x000000b4   Code   RO         5834    i.our_char_add      our_service.o
    0x0002cf1c   0x00000078   Code   RO         5835    i.our_service_init  our_service.o
    0x0002cf94   0x00000024   Code   RO         4606    i.page_identify     fds.o
    0x0002cfb8   0x0000001c   Code   RO         4607    i.page_offsets_update  fds.o
    0x0002cfd4   0x0000006c   Code   RO         4608    i.page_scan         fds.o
    0x0002d040   0x0000001c   Code   RO         4609    i.page_tag_write_data  fds.o
    0x0002d05c   0x00000024   Code   RO         4610    i.page_tag_write_swap  fds.o
    0x0002d080   0x0000011c   Code   RO         4611    i.pages_init        fds.o
    0x0002d19c   0x0000000c   Code   RO         2658    i.pairing           security_dispatcher.o
    0x0002d1a8   0x00000074   Code   RO         2659    i.pairing_failure   security_dispatcher.o
    0x0002d21c   0x0000002e   Code   RO         2660    i.pairing_success_evt_send  security_dispatcher.o
    0x0002d24a   0x00000006   Code   RO         2799    i.params_reply_pending_handle  security_manager.o
    0x0002d250   0x00000028   Code   RO         2800    i.params_req_send   security_manager.o
    0x0002d278   0x0000001c   Code   RO         2007    i.pdb_evt_send      peer_database.o
    0x0002d294   0x00000090   Code   RO         2008    i.pdb_init          peer_database.o
    0x0002d324   0x0000007c   Code   RO         2009    i.pdb_pds_evt_handler  peer_database.o
    0x0002d3a0   0x00000006   Code   RO         2010    i.pdb_peer_data_ptr_get  peer_database.o
    0x0002d3a6   0x00000002   PAD
    0x0002d3a8   0x0000008c   Code   RO         2011    i.pdb_peer_free     peer_database.o
    0x0002d434   0x000000dc   Code   RO         2012    i.pdb_write_buf_get  peer_database.o
    0x0002d510   0x00000014   Code   RO         2013    i.pdb_write_buf_release  peer_database.o
    0x0002d524   0x00000036   Code   RO         2014    i.pdb_write_buf_store  peer_database.o
    0x0002d55a   0x00000002   PAD
    0x0002d55c   0x00000010   Code   RO         1866    i.pds_evt_send      peer_data_storage.o
    0x0002d56c   0x000000dc   Code   RO         1867    i.pds_init          peer_data_storage.o
    0x0002d648   0x00000004   Code   RO         1868    i.pds_next_deleted_peer_id_get  peer_data_storage.o
    0x0002d64c   0x00000004   Code   RO         1869    i.pds_next_peer_id_get  peer_data_storage.o
    0x0002d650   0x00000058   Code   RO         1872    i.pds_peer_data_iterate  peer_data_storage.o
    0x0002d6a8   0x00000010   Code   RO         1873    i.pds_peer_data_iterate_prepare  peer_data_storage.o
    0x0002d6b8   0x00000072   Code   RO         1874    i.pds_peer_data_read  peer_data_storage.o
    0x0002d72a   0x00000002   PAD
    0x0002d72c   0x000000a0   Code   RO         1875    i.pds_peer_data_store  peer_data_storage.o
    0x0002d7cc   0x00000008   Code   RO         1876    i.pds_peer_id_allocate  peer_data_storage.o
    0x0002d7d4   0x00000016   Code   RO         1877    i.pds_peer_id_free  peer_data_storage.o
    0x0002d7ea   0x00000004   Code   RO         1878    i.pds_peer_id_is_allocated  peer_data_storage.o
    0x0002d7ee   0x00000002   PAD
    0x0002d7f0   0x0000009c   Code   RO         1880    i.peer_data_delete_process  peer_data_storage.o
    0x0002d88c   0x00000030   Code   RO         1881    i.peer_data_find    peer_data_storage.o
    0x0002d8bc   0x00000024   Code   RO         1882    i.peer_data_id_is_valid  peer_data_storage.o
    0x0002d8e0   0x0000001a   Code   RO         2015    i.peer_data_point_to_buffer  peer_database.o
    0x0002d8fa   0x00000002   PAD
    0x0002d8fc   0x0000000c   Code   RO         2128    i.peer_id_allocate  peer_id.o
    0x0002d908   0x00000024   Code   RO         2129    i.peer_id_delete    peer_id.o
    0x0002d92c   0x0000001c   Code   RO         2130    i.peer_id_free      peer_id.o
    0x0002d948   0x0000000c   Code   RO         2131    i.peer_id_get_next_deleted  peer_id.o
    0x0002d954   0x00000030   Code   RO         2132    i.peer_id_get_next_used  peer_id.o
    0x0002d984   0x0000000c   Code   RO         2133    i.peer_id_init      peer_id.o
    0x0002d990   0x00000014   Code   RO         2134    i.peer_id_is_allocated  peer_id.o
    0x0002d9a4   0x00000014   Code   RO         2135    i.peer_id_is_deleted  peer_id.o
    0x0002d9b8   0x0000006c   Code   RO           15    i.peer_manager_init  main.o
    0x0002da24   0x00000012   Code   RO          908    i.phy_is_valid      ble_advertising.o
    0x0002da36   0x00000002   PAD
    0x0002da38   0x00000018   Code   RO         3457    i.pin_in_use_by_port  nrfx_gpiote.o
    0x0002da50   0x00000018   Code   RO         3458    i.pin_in_use_by_te  nrfx_gpiote.o
    0x0002da68   0x00000064   Code   RO         2605    i.pm_buffer_block_acquire  pm_buffer.o
    0x0002dacc   0x00000024   Code   RO         2606    i.pm_buffer_init    pm_buffer.o
    0x0002daf0   0x00000028   Code   RO         2607    i.pm_buffer_ptr_get  pm_buffer.o
    0x0002db18   0x00000032   Code   RO         2608    i.pm_buffer_release  pm_buffer.o
    0x0002db4a   0x00000002   PAD
    0x0002db4c   0x00000078   Code   RO         2222    i.pm_conn_sec_status_get  peer_manager.o
    0x0002dbc4   0x0000001c   Code   RO         2223    i.pm_conn_secure    peer_manager.o
    0x0002dbe0   0x00000020   Code   RO           16    i.pm_evt_handler    main.o
    0x0002dc00   0x00000004   Code   RO         2225    i.pm_gcm_evt_handler  peer_manager.o
    0x0002dc04   0x00000004   Code   RO         2226    i.pm_gscm_evt_handler  peer_manager.o
    0x0002dc08   0x00000210   Code   RO         2519    i.pm_handler_flash_clean  peer_manager_handler.o
    0x0002de18   0x0000001c   Code   RO         2520    i.pm_handler_flash_clean_on_return  peer_manager_handler.o
    0x0002de34   0x00000054   Code   RO         2521    i.pm_handler_on_pm_evt  peer_manager_handler.o
    0x0002de88   0x000002dc   Code   RO         2522    i.pm_handler_pm_evt_log  peer_manager_handler.o
    0x0002e164   0x00000004   Code   RO         2229    i.pm_im_evt_handler  peer_manager.o
    0x0002e168   0x000001bc   Code   RO         2230    i.pm_init           peer_manager.o
    0x0002e324   0x00000120   Code   RO         2234    i.pm_pdb_evt_handler  peer_manager.o
    0x0002e444   0x00000014   Code   RO         2245    i.pm_peer_delete    peer_manager.o
    0x0002e458   0x0000011c   Code   RO         2249    i.pm_peer_rank_highest  peer_manager.o
    0x0002e574   0x000000ec   Code   RO         2250    i.pm_peer_ranks_get  peer_manager.o
    0x0002e660   0x00000094   Code   RO         2251    i.pm_peers_delete   peer_manager.o
    0x0002e6f4   0x0000002c   Code   RO         2254    i.pm_register       peer_manager.o
    0x0002e720   0x00000014   Code   RO         2255    i.pm_sec_params_set  peer_manager.o
    0x0002e734   0x0000000a   Code   RO         2256    i.pm_sm_evt_handler  peer_manager.o
    0x0002e73e   0x00000002   PAD
    0x0002e740   0x0000003c   Code   RO         6290    i.postfix_process   nrf_log_str_formatter.o
    0x0002e77c   0x00000098   Code   RO         6291    i.prefix_process    nrf_log_str_formatter.o
    0x0002e814   0x00000018   Code   RO         3692    i.prs_box_get       nrfx_prs.o
    0x0002e82c   0x0000001c   Code   RO         4612    i.queue_buf_get     fds.o
    0x0002e848   0x00000010   Code   RO         4613    i.queue_buf_store   fds.o
    0x0002e858   0x00000014   Code   RO         5420    i.queue_free        nrf_fstorage_sd.o
    0x0002e86c   0x000000a0   Code   RO         4614    i.queue_process     fds.o
    0x0002e90c   0x000000a0   Code   RO         5421    i.queue_process     nrf_fstorage_sd.o
    0x0002e9ac   0x0000001c   Code   RO         4615    i.queue_start       fds.o
    0x0002e9c8   0x00000024   Code   RO         5422    i.queue_start       nrf_fstorage_sd.o
    0x0002e9ec   0x0000001c   Code   RO         2525    i.rank_highest      peer_manager_handler.o
    0x0002ea08   0x00000028   Code   RO         2259    i.rank_vars_update  peer_manager.o
    0x0002ea30   0x0000000e   Code   RO         5423    i.read              nrf_fstorage_sd.o
    0x0002ea3e   0x00000002   PAD
    0x0002ea40   0x000000b0   Code   RO         2016    i.reattempt_previous_operations  peer_database.o
    0x0002eaf0   0x00000088   Code   RO         4616    i.record_find       fds.o
    0x0002eb78   0x000000a0   Code   RO         4617    i.record_find_by_desc  fds.o
    0x0002ec18   0x0000005c   Code   RO         4618    i.record_find_next  fds.o
    0x0002ec74   0x00000038   Code   RO         4619    i.record_header_flag_dirty  fds.o
    0x0002ecac   0x00000010   Code   RO         2137    i.release           peer_id.o
    0x0002ecbc   0x00000004   Code   RO         5424    i.rmap              nrf_fstorage_sd.o
    0x0002ecc0   0x0000003c   Code   RO         4324    i.rtc1_stop         app_timer.o
    0x0002ecfc   0x00000032   Code   RO         3763    i.rx_byte           nrfx_uart.o
    0x0002ed2e   0x00000016   Code   RO         3764    i.rx_done_event     nrfx_uart.o
    0x0002ed44   0x00000016   Code   RO         3950    i.rx_done_event     nrfx_uarte.o
    0x0002ed5a   0x00000002   PAD
    0x0002ed5c   0x00000024   Code   RO         1300    i.sc_send_pending_handle  gatt_cache_manager.o
    0x0002ed80   0x00000050   Code   RO         2960    i.sd_state_evt_handler  nrf_drv_clock.o
    0x0002edd0   0x00000030   Code   RO         6704    i.sdh_request_observer_notify  nrf_sdh.o
    0x0002ee00   0x0000002c   Code   RO         6705    i.sdh_state_observer_notify  nrf_sdh.o
    0x0002ee2c   0x000000d8   Code   RO         2661    i.sec_info_request_process  security_dispatcher.o
    0x0002ef04   0x000000f4   Code   RO         2662    i.sec_keyset_fill   security_dispatcher.o
    0x0002eff8   0x00000076   Code   RO         2801    i.sec_params_verify  security_manager.o
    0x0002f06e   0x00000002   PAD
    0x0002f070   0x00000060   Code   RO         2663    i.sec_proc_start    security_dispatcher.o
    0x0002f0d0   0x00000022   Code   RO         2664    i.send_config_req   security_dispatcher.o
    0x0002f0f2   0x00000002   PAD
    0x0002f0f4   0x00000010   Code   RO          997    i.send_error_evt    ble_conn_params.o
    0x0002f104   0x00000028   Code   RO         1301    i.send_unexpected_error  gatt_cache_manager.o
    0x0002f12c   0x00000028   Code   RO         2665    i.send_unexpected_error  security_dispatcher.o
    0x0002f154   0x00000050   Code   RO         5882    i.serial_tx         nrf_log_backend_rtt.o
    0x0002f1a4   0x00000040   Code   RO         5985    i.serial_tx         nrf_log_backend_uart.o
    0x0002f1e4   0x00000070   Code   RO         1302    i.service_changed_cccd  gatt_cache_manager.o
    0x0002f254   0x00000014   Code   RO         1303    i.service_changed_pending_flags_check  gatt_cache_manager.o
    0x0002f268   0x00000094   Code   RO         1466    i.service_changed_pending_set  gatts_cache_manager.o
    0x0002f2fc   0x00000104   Code   RO         1304    i.service_changed_send_in_evt  gatt_cache_manager.o
    0x0002f400   0x00000088   Code   RO          801    i.service_data_encode  ble_advdata.o
    0x0002f488   0x00000028   Code   RO           17    i.sleep_mode_enter  main.o
    0x0002f4b0   0x0000002c   Code   RO         2802    i.sm_ble_evt_handler  security_manager.o
    0x0002f4dc   0x00000058   Code   RO         2804    i.sm_init           security_manager.o
    0x0002f534   0x0000000a   Code   RO         2806    i.sm_link_secure    security_manager.o
    0x0002f53e   0x00000002   PAD
    0x0002f540   0x00000044   Code   RO         2807    i.sm_pdb_evt_handler  security_manager.o
    0x0002f584   0x00000034   Code   RO         2809    i.sm_sec_params_set  security_manager.o
    0x0002f5b8   0x00000060   Code   RO         2810    i.sm_smd_evt_handler  security_manager.o
    0x0002f618   0x000000f4   Code   RO         2666    i.smd_ble_evt_handler  security_dispatcher.o
    0x0002f70c   0x00000068   Code   RO         2668    i.smd_init          security_dispatcher.o
    0x0002f774   0x00000028   Code   RO         2669    i.smd_link_secure   security_dispatcher.o
    0x0002f79c   0x000000b0   Code   RO         2670    i.smd_params_reply  security_dispatcher.o
    0x0002f84c   0x00000040   Code   RO         2811    i.smd_params_reply_perform  security_manager.o
    0x0002f88c   0x00000018   Code   RO         2961    i.soc_evt_handler   nrf_drv_clock.o
    0x0002f8a4   0x00000038   Code   RO         6706    i.softdevice_evt_irq_disable  nrf_sdh.o
    0x0002f8dc   0x00000058   Code   RO         6707    i.softdevices_evt_irq_enable  nrf_sdh.o
    0x0002f934   0x0000008c   Code   RO         6126    i.std_n             nrf_log_frontend.o
    0x0002f9c0   0x0000006c   Code   RO         1305    i.store_car_value   gatt_cache_manager.o
    0x0002fa2c   0x00000080   Code   RO         4325    i.timer_list_handler  app_timer.o
    0x0002faac   0x0000003c   Code   RO         4326    i.timer_list_insert  app_timer.o
    0x0002fae8   0x00000060   Code   RO         4327    i.timer_list_remove  app_timer.o
    0x0002fb48   0x00000048   Code   RO         4328    i.timer_stop_op_schedule  app_timer.o
    0x0002fb90   0x00000074   Code   RO         4329    i.timer_timeouts_check  app_timer.o
    0x0002fc04   0x00000020   Code   RO         3766    i.tx_byte           nrfx_uart.o
    0x0002fc24   0x0000001a   Code   RO         3767    i.tx_done_event     nrfx_uart.o
    0x0002fc3e   0x00000002   PAD
    0x0002fc40   0x00000030   Code   RO         3092    i.uart_evt_handler  nrf_drv_uart.o
    0x0002fc70   0x0000000c   Code   RO         5986    i.uart_evt_handler  nrf_log_backend_uart.o
    0x0002fc7c   0x00000050   Code   RO         5987    i.uart_init         nrf_log_backend_uart.o
    0x0002fccc   0x00000128   Code   RO         3768    i.uart_irq_handler  nrfx_uart.o
    0x0002fdf4   0x00000030   Code   RO         3093    i.uarte_evt_handler  nrf_drv_uart.o
    0x0002fe24   0x000000f2   Code   RO         3951    i.uarte_irq_handler  nrfx_uarte.o
    0x0002ff16   0x0000000a   Code   RO          802    i.uint16_encode     ble_advdata.o
    0x0002ff20   0x00000020   Code   RO         5425    i.uninit            nrf_fstorage_sd.o
    0x0002ff40   0x000000b4   Code   RO         5289    i.unsigned_print    nrf_fprintf_format.o
    0x0002fff4   0x00000030   Code   RO         1306    i.update_pending_flags_check  gatt_cache_manager.o
    0x00030024   0x00000068   Code   RO          998    i.update_timeout_handler  ble_conn_params.o
    0x0003008c   0x00000018   Code   RO          909    i.use_whitelist     ble_advertising.o
    0x000300a4   0x0000000c   Code   RO         1083    i.user_flag_is_acquired  ble_conn_state.o
    0x000300b0   0x00000024   Code   RO         1826    i.user_mem_reply    nrf_ble_qwr.o
    0x000300d4   0x00000030   Code   RO         4330    i.user_op_alloc     app_timer.o
    0x00030104   0x00000030   Code   RO          803    i.uuid_list_encode  ble_advdata.o
    0x00030134   0x0000009e   Code   RO          804    i.uuid_list_sized_encode  ble_advdata.o
    0x000301d2   0x0000003a   Code   RO          563    i.wakeup_button_cfg  bsp.o
    0x0003020c   0x00000004   Code   RO         5426    i.wmap              nrf_fstorage_sd.o
    0x00030210   0x00000050   Code   RO         5427    i.write             nrf_fstorage_sd.o
    0x00030260   0x0000014c   Code   RO         2017    i.write_buf_store   peer_database.o
    0x000303ac   0x00000034   Code   RO         2018    i.write_buffer_record_find  peer_database.o
    0x000303e0   0x00000030   Code   RO         2019    i.write_buffer_record_find_next  peer_database.o
    0x00030410   0x0000001c   Code   RO         2020    i.write_buffer_record_invalidate  peer_database.o
    0x0003042c   0x0000002c   Code   RO         2021    i.write_buffer_record_release  peer_database.o
    0x00030458   0x000000e8   Code   RO         4621    i.write_enqueue     fds.o
    0x00030540   0x000000f4   Code   RO         4622    i.write_execute     fds.o
    0x00030634   0x00000018   Code   RO         4623    i.write_space_free  fds.o
    0x0003064c   0x0000005c   Code   RO         4624    i.write_space_reserve  fds.o
    0x000306a8   0x00000008   Data   RO          427    .constdata          boards.o
    0x000306b0   0x0000002c   Data   RO          568    .constdata          bsp.o
    0x000306dc   0x0000007c   Data   RO         1307    .constdata          gatt_cache_manager.o
    0x00030758   0x00000004   Data   RO         1467    .constdata          gatts_cache_manager.o
    0x0003075c   0x00000010   Data   RO         1468    .constdata          gatts_cache_manager.o
    0x0003076c   0x00000004   Data   RO         1469    .constdata          gatts_cache_manager.o
    0x00030770   0x00000008   Data   RO         1576    .constdata          id_manager.o
    0x00030778   0x00000016   Data   RO         1732    .constdata          nrf_ble_gatt.o
    0x0003078e   0x00000002   PAD
    0x00030790   0x0000001c   Data   RO         1883    .constdata          peer_data_storage.o
    0x000307ac   0x00000010   Data   RO         2023    .constdata          peer_database.o
    0x000307bc   0x0000002c   Data   RO         2261    .constdata          peer_manager.o
    0x000307e8   0x00000018   Data   RO         2526    .constdata          peer_manager_handler.o
    0x00030800   0x0000008c   Data   RO         2672    .constdata          security_dispatcher.o
    0x0003088c   0x00000004   Data   RO         2812    .constdata          security_manager.o
    0x00030890   0x00000004   Data   RO         3460    .constdata          nrfx_gpiote.o
    0x00030894   0x00000004   Data   RO         3771    .constdata          nrfx_uart.o
    0x00030898   0x00000004   Data   RO         3954    .constdata          nrfx_uarte.o
    0x0003089c   0x00000008   Data   RO         4093    .constdata          app_button.o
    0x000308a4   0x0000000c   PAD
    0x000308b0   0x00000006   Data   RO         4332    .constdata          app_timer.o
    0x000308b6   0x00000002   PAD
    0x000308b8   0x00000018   Data   RO         4627    .constdata          fds.o
    0x000308d0   0x00000010   Data   RO         5290    .constdata          nrf_fprintf_format.o
    0x000308e0   0x0000005e   Data   RO         5336    .constdata          nrf_fstorage.o
    0x0003093e   0x00000002   PAD
    0x00030940   0x00000010   Data   RO         5430    .constdata          nrf_fstorage_sd.o
    0x00030950   0x00000020   Data   RO         5431    .constdata          nrf_fstorage_sd.o
    0x00030970   0x00000018   Data   RO         5609    .constdata          nrf_pwr_mgmt.o
    0x00030988   0x0000000c   Data   RO         5610    .constdata          nrf_pwr_mgmt.o
    0x00030994   0x0000013c   Data   RO         5773    .constdata          nrf_strerror.o
    0x00030ad0   0x00000020   Data   RO         5837    .constdata          our_service.o
    0x00030af0   0x0000000c   Data   RO         5884    .constdata          nrf_log_backend_rtt.o
    0x00030afc   0x00000004   PAD
    0x00030b00   0x00000006   Data   RO         5885    .constdata          nrf_log_backend_rtt.o
    0x00030b06   0x00000002   PAD
    0x00030b08   0x0000000c   Data   RO         5989    .constdata          nrf_log_backend_uart.o
    0x00030b14   0x00000020   Data   RO         5990    .constdata          nrf_log_backend_uart.o
    0x00030b34   0x0000000c   Data   RO         6131    .constdata          nrf_log_frontend.o
    0x00030b40   0x00000010   Data   RO         6708    .constdata          nrf_sdh.o
    0x00030b50   0x00000028   Data   RO         6709    .constdata          nrf_sdh.o
    0x00030b78   0x00000010   Data   RO         6710    .constdata          nrf_sdh.o
    0x00030b88   0x00000010   Data   RO         6711    .constdata          nrf_sdh.o
    0x00030b98   0x00000020   Data   RO         6819    .constdata          nrf_sdh_ble.o
    0x00030bb8   0x00000010   Data   RO         6820    .constdata          nrf_sdh_ble.o
    0x00030bc8   0x00000010   Data   RO         6870    .constdata          nrf_sdh_soc.o
    0x00030bd8   0x0000000c   Data   RO         6871    .constdata          nrf_sdh_soc.o
    0x00030be4   0x00000081   Data   RO         6957    .constdata          mc_w.l(ctype_o.o)
    0x00030c65   0x00000003   PAD
    0x00030c68   0x00000004   Data   RO         6958    .constdata          mc_w.l(ctype_o.o)
    0x00030c6c   0x000001a4   Data   RO         1308    .conststring        gatt_cache_manager.o
    0x00030e10   0x0000019c   Data   RO         1470    .conststring        gatts_cache_manager.o
    0x00030fac   0x000000a2   Data   RO         1733    .conststring        nrf_ble_gatt.o
    0x0003104e   0x00000002   PAD
    0x00031050   0x000000e8   Data   RO         1884    .conststring        peer_data_storage.o
    0x00031138   0x00000180   Data   RO         2024    .conststring        peer_database.o
    0x000312b8   0x00000090   Data   RO         2262    .conststring        peer_manager.o
    0x00031348   0x000002ca   Data   RO         2527    .conststring        peer_manager_handler.o
    0x00031612   0x00000002   PAD
    0x00031614   0x000002b2   Data   RO         2673    .conststring        security_dispatcher.o
    0x000318c6   0x00000002   PAD
    0x000318c8   0x0000017b   Data   RO         2813    .conststring        security_manager.o
    0x00031a43   0x00000001   PAD
    0x00031a44   0x0000004f   Data   RO         5337    .conststring        nrf_fstorage.o
    0x00031a93   0x00000001   PAD
    0x00031a94   0x000003eb   Data   RO         5774    .conststring        nrf_strerror.o
    0x00031e7f   0x00000001   PAD
    0x00031e80   0x00000066   Data   RO         6292    .conststring        nrf_log_str_formatter.o
    0x00031ee6   0x00000002   PAD
    0x00031ee8   0x00000188   Data   RO         6821    .conststring        nrf_sdh_ble.o
    0x00032070   0x00000011   Data   RO         1309    .conststrlit        gatt_cache_manager.o
    0x00032081   0x00000003   PAD
    0x00032084   0x00000012   Data   RO         1471    .conststrlit        gatts_cache_manager.o
    0x00032096   0x00000002   PAD
    0x00032098   0x00000010   Data   RO         1578    .conststrlit        id_manager.o
    0x000320a8   0x0000000d   Data   RO         1734    .conststrlit        nrf_ble_gatt.o
    0x000320b5   0x00000003   PAD
    0x000320b8   0x00000011   Data   RO         1885    .conststrlit        peer_data_storage.o
    0x000320c9   0x00000003   PAD
    0x000320cc   0x00000011   Data   RO         2025    .conststrlit        peer_database.o
    0x000320dd   0x00000003   PAD
    0x000320e0   0x0000000d   Data   RO         2263    .conststrlit        peer_manager.o
    0x000320ed   0x00000003   PAD
    0x000320f0   0x00000015   Data   RO         2529    .conststrlit        peer_manager_handler.o
    0x00032105   0x00000003   PAD
    0x00032108   0x00000011   Data   RO         2674    .conststrlit        security_dispatcher.o
    0x00032119   0x00000003   PAD
    0x0003211c   0x00000010   Data   RO         2814    .conststrlit        security_manager.o
    0x0003212c   0x00000006   Data   RO         2967    .conststrlit        nrf_drv_clock.o
    0x00032132   0x00000002   PAD
    0x00032134   0x00000006   Data   RO         3299    .conststrlit        nrfx_clock.o
    0x0003213a   0x00000002   PAD
    0x0003213c   0x00000007   Data   RO         3464    .conststrlit        nrfx_gpiote.o
    0x00032143   0x00000001   PAD
    0x00032144   0x00000004   Data   RO         3694    .conststrlit        nrfx_prs.o
    0x00032148   0x00000005   Data   RO         3774    .conststrlit        nrfx_uart.o
    0x0003214d   0x00000003   PAD
    0x00032150   0x00000006   Data   RO         3957    .conststrlit        nrfx_uarte.o
    0x00032156   0x00000002   PAD
    0x00032158   0x0000000d   Data   RO         5338    .conststrlit        nrf_fstorage.o
    0x00032165   0x00000003   PAD
    0x00032168   0x00000009   Data   RO         5611    .conststrlit        nrf_pwr_mgmt.o
    0x00032171   0x00000003   PAD
    0x00032174   0x00000021   Data   RO         6061    .conststrlit        nrf_log_default_backends.o
    0x00032195   0x00000003   PAD
    0x00032198   0x00000004   Data   RO         6132    .conststrlit        nrf_log_frontend.o
    0x0003219c   0x00000008   Data   RO         6712    .conststrlit        nrf_sdh.o
    0x000321a4   0x0000000c   Data   RO         6822    .conststrlit        nrf_sdh_ble.o
    0x000321b0   0x0000000c   Data   RO         6872    .conststrlit        nrf_sdh_soc.o
    0x000321bc   0x00000020   Data   RO         7296    Region$$Table       anon$$obj.o
    0x000321bc   0x00000020   Data   RO         6064    log_backends        nrf_log_default_backends.o
    0x000321dc   0x00000008   Data   RO         1311    log_const_data      gatt_cache_manager.o
    0x000321e4   0x00000008   Data   RO         1473    log_const_data      gatts_cache_manager.o
    0x000321ec   0x00000008   Data   RO         1580    log_const_data      id_manager.o
    0x000321f4   0x00000008   Data   RO         1735    log_const_data      nrf_ble_gatt.o
    0x000321fc   0x00000008   Data   RO         1887    log_const_data      peer_data_storage.o
    0x00032204   0x00000008   Data   RO         2027    log_const_data      peer_database.o
    0x0003220c   0x00000008   Data   RO         2265    log_const_data      peer_manager.o
    0x00032214   0x00000008   Data   RO         2532    log_const_data      peer_manager_handler.o
    0x0003221c   0x00000008   Data   RO         2676    log_const_data      security_dispatcher.o
    0x00032224   0x00000008   Data   RO         2816    log_const_data      security_manager.o
    0x0003222c   0x00000008   Data   RO         2968    log_const_data      nrf_drv_clock.o
    0x00032234   0x00000008   Data   RO         3301    log_const_data      nrfx_clock.o
    0x0003223c   0x00000008   Data   RO         3465    log_const_data      nrfx_gpiote.o
    0x00032244   0x00000008   Data   RO         3696    log_const_data      nrfx_prs.o
    0x0003224c   0x00000008   Data   RO         3775    log_const_data      nrfx_uart.o
    0x00032254   0x00000008   Data   RO         3958    log_const_data      nrfx_uarte.o
    0x0003225c   0x00000008   Data   RO         5339    log_const_data      nrf_fstorage.o
    0x00032264   0x00000008   Data   RO         5613    log_const_data      nrf_pwr_mgmt.o
    0x0003226c   0x00000008   Data   RO         6135    log_const_data      nrf_log_frontend.o
    0x00032274   0x00000008   Data   RO         6714    log_const_data      nrf_sdh.o
    0x0003227c   0x00000008   Data   RO         6824    log_const_data      nrf_sdh_ble.o
    0x00032284   0x00000008   Data   RO         6873    log_const_data      nrf_sdh_soc.o
    0x0003228c   0x00000014   Data   RO         6136    nrf_balloc          nrf_log_frontend.o
    0x000322a0   0x00000008   Data   RO         1085    sdh_ble_observers0  ble_conn_state.o
    0x000322a8   0x00000010   Data   RO           20    sdh_ble_observers1  main.o
    0x000322b8   0x00000008   Data   RO          671    sdh_ble_observers1  bsp_btn_ble.o
    0x000322c0   0x00000008   Data   RO         1001    sdh_ble_observers1  ble_conn_params.o
    0x000322c8   0x00000008   Data   RO         2266    sdh_ble_observers1  peer_manager.o
    0x000322d0   0x00000008   Data   RO           21    sdh_ble_observers2  main.o
    0x000322d8   0x00000008   Data   RO           22    sdh_ble_observers3  main.o
    0x000322e0   0x00000008   Data   RO         5433    sdh_req_observers0  nrf_fstorage_sd.o
    0x000322e8   0x00000008   Data   RO         2969    sdh_soc_observers0  nrf_drv_clock.o
    0x000322f0   0x00000008   Data   RO         5434    sdh_soc_observers0  nrf_fstorage_sd.o
    0x000322f8   0x00000008   Data   RO           23    sdh_soc_observers1  main.o
    0x00032300   0x00000008   Data   RO         6825    sdh_stack_observers0  nrf_sdh_ble.o
    0x00032308   0x00000008   Data   RO         6874    sdh_stack_observers0  nrf_sdh_soc.o
    0x00032310   0x00000008   Data   RO         2970    sdh_state_observers0  nrf_drv_clock.o
    0x00032318   0x00000008   Data   RO         5435    sdh_state_observers0  nrf_fstorage_sd.o


    Execution Region RW_IRAM1 (Base: 0x20002220, Size: 0x000034e0, Max: 0x0000dde8, ABSOLUTE)

    Base Addr    Size         Type   Attr      Idx    E Section Name        Object

    0x20002220   0x00000006   Data   RW           19    .data               main.o
    0x20002226   0x00000002   PAD
    0x20002228   0x00000010   Data   RW          569    .data               bsp.o
    0x20002238   0x00000008   Data   RW          670    .data               bsp_btn_ble.o
    0x20002240   0x00000008   Data   RW         1000    .data               ble_conn_params.o
    0x20002248   0x00000010   Data   RW         1310    .data               gatt_cache_manager.o
    0x20002258   0x0000000c   Data   RW         1472    .data               gatts_cache_manager.o
    0x20002264   0x0000000c   Data   RW         1886    .data               peer_data_storage.o
    0x20002270   0x00000008   Data   RW         2026    .data               peer_database.o
    0x20002278   0x00000010   Data   RW         2264    .data               peer_manager.o
    0x20002288   0x00000060   Data   RW         2530    .data               peer_manager_handler.o
    0x200022e8   0x00000005   Data   RW         2675    .data               security_dispatcher.o
    0x200022ed   0x00000003   PAD
    0x200022f0   0x00000015   Data   RW         2815    .data               security_manager.o
    0x20002305   0x00000003   PAD
    0x20002308   0x0000000c   Data   RW         3094    .data               nrf_drv_uart.o
    0x20002314   0x00000008   Data   RW         3300    .data               nrfx_clock.o
    0x2000231c   0x00000008   Data   RW         3695    .data               nrfx_prs.o
    0x20002324   0x00000004   PAD
    0x20002328   0x00000020   Data   RW         4094    .data               app_button.o
    0x20002348   0x00000014   Data   RW         4333    .data               app_timer.o
    0x2000235c   0x00000030   Data   RW         4628    .data               fds.o
    0x2000238c   0x00000008   Data   RW         5432    .data               nrf_fstorage_sd.o
    0x20002394   0x00000008   Data   RW         5612    .data               nrf_pwr_mgmt.o
    0x2000239c   0x00000001   Data   RW         5886    .data               nrf_log_backend_rtt.o
    0x2000239d   0x00000003   PAD
    0x200023a0   0x00000018   Data   RW         5991    .data               nrf_log_backend_uart.o
    0x200023b8   0x00000008   Data   RW         6062    .data               nrf_log_default_backends.o
    0x200023c0   0x00000008   Data   RW         6063    .data               nrf_log_default_backends.o
    0x200023c8   0x00000008   Data   RW         6133    .data               nrf_log_frontend.o
    0x200023d0   0x00000008   Data   RW         6134    .data               nrf_log_frontend.o
    0x200023d8   0x00000040   Data   RW         6293    .data               nrf_log_str_formatter.o
    0x20002418   0x00000003   Data   RW         6713    .data               nrf_sdh.o
    0x2000241b   0x00000001   Data   RW         6823    .data               nrf_sdh_ble.o
    0x2000241c   0x00000004   Data   RW         6913    .data               system_nrf52.o
    0x20002420   0x00000004   Data   RW         6951    .data               mc_w.l(stdout.o)
    0x20002424   0x00000014   Data   RW         4629    fs_data             fds.o
    0x20002438   0x00000284   Zero   RW           18    .bss                main.o
    0x200026bc   0x00000020   Zero   RW          564    .bss                bsp.o
    0x200026dc   0x00000020   Zero   RW          565    .bss                bsp.o
    0x200026fc   0x0000000c   Zero   RW          566    .bss                bsp.o
    0x20002708   0x00000020   Zero   RW          567    .bss                bsp.o
    0x20002728   0x00000050   Zero   RW          999    .bss                ble_conn_params.o
    0x20002778   0x00000078   Zero   RW         1084    .bss                ble_conn_state.o
    0x200027f0   0x000000d8   Zero   RW         1575    .bss                id_manager.o
    0x200028c8   0x00000180   Zero   RW         2022    .bss                peer_database.o
    0x20002a48   0x00000040   Zero   RW         2138    .bss                peer_id.o
    0x20002a88   0x0000000c   Zero   RW         2260    .bss                peer_manager.o
    0x20002a94   0x00000040   Zero   RW         2671    .bss                security_dispatcher.o
    0x20002ad4   0x00000014   Zero   RW         2962    .bss                nrf_drv_clock.o
    0x20002ae8   0x0000005c   Zero   RW         3459    .bss                nrfx_gpiote.o
    0x20002b44   0x0000002c   Zero   RW         3769    .bss                nrfx_uart.o
    0x20002b70   0x00000024   Zero   RW         3952    .bss                nrfx_uarte.o
    0x20002b94   0x00000020   Zero   RW         4092    .bss                app_button.o
    0x20002bb4   0x0000010c   Zero   RW         4331    .bss                app_timer.o
    0x20002cc0   0x0000000c   Zero   RW         4484    .bss                app_util_platform.o
    0x20002ccc   0x00000010   Zero   RW         4625    .bss                fds.o
    0x20002cdc   0x000000e0   Zero   RW         4626    .bss                fds.o
    0x20002dbc   0x00000010   Zero   RW         5428    .bss                nrf_fstorage_sd.o
    0x20002dcc   0x000000a0   Zero   RW         5429    .bss                nrf_fstorage_sd.o
    0x20002e6c   0x0000000c   Zero   RW         5608    .bss                nrf_pwr_mgmt.o
    0x20002e78   0x00000040   Zero   RW         5883    .bss                nrf_log_backend_rtt.o
    0x20002eb8   0x00000040   Zero   RW         5988    .bss                nrf_log_backend_uart.o
    0x20002ef8   0x000000c0   Zero   RW         6127    .bss                nrf_log_frontend.o
    0x20002fb8   0x00000080   Zero   RW         6128    .bss                nrf_log_frontend.o
    0x20003038   0x00000018   Zero   RW         6129    .bss                nrf_log_frontend.o
    0x20003050   0x00000424   Zero   RW         6130    .bss                nrf_log_frontend.o
    0x20003474   0x00000288   Zero   RW         6369    .bss                segger_rtt.o
    0x200036fc   0x00000004   PAD
    0x20003700   0x00002000   Zero   RW         6901    STACK               arm_startup_nrf52.o

